ARM Linker, 5.03 [Build 76] [MDK-ARM Standard]

==============================================================================

Section Cross References

    startup_stm32f429_439xx.o(STACK) refers (Special) to heapauxi.o(.text) for __use_two_region_memory
    startup_stm32f429_439xx.o(HEAP) refers (Special) to heapauxi.o(.text) for __use_two_region_memory
    startup_stm32f429_439xx.o(RESET) refers (Special) to heapauxi.o(.text) for __use_two_region_memory
    startup_stm32f429_439xx.o(RESET) refers to startup_stm32f429_439xx.o(STACK) for __initial_sp
    startup_stm32f429_439xx.o(RESET) refers to startup_stm32f429_439xx.o(.text) for Reset_Handler
    startup_stm32f429_439xx.o(RESET) refers to delay.o(.text) for SysTick_Handler
    startup_stm32f429_439xx.o(RESET) refers to rtc.o(.text) for RTC_WKUP_IRQHandler
    startup_stm32f429_439xx.o(RESET) refers to main.o(.text) for USART3_IRQHandler
    startup_stm32f429_439xx.o(.text) refers (Special) to heapauxi.o(.text) for __use_two_region_memory
    startup_stm32f429_439xx.o(.text) refers to system_stm32f4xx.o(.text) for SystemInit
    startup_stm32f429_439xx.o(.text) refers to __main.o(!!!main) for __main
    startup_stm32f429_439xx.o(.text) refers to startup_stm32f429_439xx.o(HEAP) for Heap_Mem
    startup_stm32f429_439xx.o(.text) refers to startup_stm32f429_439xx.o(STACK) for Stack_Mem
    system_stm32f4xx.o(.text) refers to system_stm32f4xx.o(.data) for SystemCoreClock
    stm32f4xx_dma2d.o(.text) refers to stm32f4xx_rcc.o(.text) for RCC_AHB1PeriphResetCmd
    stm32f4xx_gpio.o(.text) refers to stm32f4xx_rcc.o(.text) for RCC_AHB1PeriphResetCmd
    stm32f4xx_i2c.o(.text) refers to stm32f4xx_rcc.o(.text) for RCC_APB1PeriphResetCmd
    stm32f4xx_ltdc.o(.text) refers to stm32f4xx_rcc.o(.text) for RCC_APB2PeriphResetCmd
    stm32f4xx_rcc.o(.text) refers to stm32f4xx_rcc.o(.data) for APBAHBPrescTable
    stm32f4xx_spi.o(.text) refers to stm32f4xx_rcc.o(.text) for RCC_APB2PeriphResetCmd
    stm32f4xx_syscfg.o(.text) refers to stm32f4xx_rcc.o(.text) for RCC_APB2PeriphResetCmd
    stm32f4xx_usart.o(.text) refers to stm32f4xx_rcc.o(.text) for RCC_APB2PeriphResetCmd
    stm32f4xx_pwr.o(.text) refers to stm32f4xx_rcc.o(.text) for RCC_APB1PeriphResetCmd
    stm32f4xx_tim.o(.text) refers to stm32f4xx_rcc.o(.text) for RCC_APB2PeriphResetCmd
    main.o(.text) refers to _printf_percent.o(.ARM.Collect$$_printf_percent$$00000000) for _printf_percent
    main.o(.text) refers to _printf_d.o(.ARM.Collect$$_printf_percent$$00000009) for _printf_d
    main.o(.text) refers to _printf_dec.o(.text) for _printf_int_dec
    main.o(.text) refers to _printf_f.o(.ARM.Collect$$_printf_percent$$00000003) for _printf_f
    main.o(.text) refers to printf1.o(x$fpl$printf1) for _printf_fp_dec
    main.o(.text) refers to stm32f4xx_usart.o(.text) for USART_SendData
    main.o(.text) refers to rt_memclr_w.o(.text) for __aeabi_memclr4
    main.o(.text) refers to rt_memclr.o(.text) for __aeabi_memclr
    main.o(.text) refers to strlen.o(.text) for strlen
    main.o(.text) refers to queue.o(.text) for queue_push_string
    main.o(.text) refers to stm32f429i_discovery_lcd.o(.text) for LCD_Clear
    main.o(.text) refers to dflt_clz.o(x$fpl$dflt) for __aeabi_i2d
    main.o(.text) refers to pow.o(i.__hardfp_pow) for __hardfp_pow
    main.o(.text) refers to dmul.o(x$fpl$dmul) for __aeabi_dmul
    main.o(.text) refers to main.o(.bss) for Tong
    main.o(.text) refers to main.o(.data) for number1
    main.o(.text) refers to daddsub_clz.o(x$fpl$dadd) for __aeabi_dadd
    main.o(.text) refers to dfix.o(x$fpl$dfix) for __aeabi_d2iz
    main.o(.text) refers to noretval__2sprintf.o(.text) for __2sprintf
    main.o(.text) refers to f2d.o(x$fpl$f2d) for __aeabi_f2d
    main.o(.text) refers to stm32f4xx_rcc.o(.text) for RCC_AHB1PeriphClockCmd
    main.o(.text) refers to stm32f4xx_gpio.o(.text) for GPIO_Init
    main.o(.text) refers to delay.o(.text) for Delay_ms
    main.o(.text) refers to stm32f4xx_pwr.o(.text) for PWR_BackupAccessCmd
    main.o(.text) refers to stm32f4xx_rtc.o(.text) for RTC_WaitForSynchro
    main.o(.text) refers to lcd.o(.text) for lcd_init
    main.o(.text) refers to rtc.o(.text) for My_RTC_Init
    main.o(.text) refers to uart.o(.text) for uart3_init_interrupt
    main.o(.data) refers to main.o(.conststring) for .conststring
    lcd.o(.text) refers to stm32f429i_discovery_lcd.o(.text) for LCD_Init
    lcd.o(.text) refers to stm32f4xx_ltdc.o(.text) for LTDC_Cmd
    queue.o(.text) refers to rt_memclr.o(.text) for __aeabi_memclr
    uart.o(.text) refers to stm32f4xx_gpio.o(.text) for GPIO_StructInit
    uart.o(.text) refers to stm32f4xx_usart.o(.text) for USART_StructInit
    uart.o(.text) refers to stm32f4xx_rcc.o(.text) for RCC_APB1PeriphClockCmd
    uart.o(.text) refers to misc.o(.text) for NVIC_PriorityGroupConfig
    delay.o(.text) refers to system_stm32f4xx.o(.text) for SystemCoreClockUpdate
    delay.o(.text) refers to delay.o(.data) for usTicks
[...]
    __rt_lib_shutdown_heap_1                 0x0800028b   Thumb Code     0  libshutdown2.o(.ARM.Collect$$libshutdown$$0000000E)
    __rt_lib_shutdown_return                 0x0800028b   Thumb Code     0  libshutdown2.o(.ARM.Collect$$libshutdown$$0000000F)
    __rt_lib_shutdown_signal_1               0x0800028b   Thumb Code     0  libshutdown2.o(.ARM.Collect$$libshutdown$$00000009)
    __rt_lib_shutdown_stdio_1                0x0800028b   Thumb Code     0  libshutdown2.o(.ARM.Collect$$libshutdown$$00000003)
    __rt_lib_shutdown_user_alloc_1           0x0800028b   Thumb Code     0  libshutdown2.o(.ARM.Collect$$libshutdown$$0000000B)
    __rt_entry                               0x0800028d   Thumb Code     0  rtentry.o(.ARM.Collect$$rtentry$$00000000)
    __rt_entry_presh_1                       0x0800028d   Thumb Code     0  rtentry2.o(.ARM.Collect$$rtentry$$00000002)
    __rt_entry_sh                            0x0800028d   Thumb Code     0  rtentry4.o(.ARM.Collect$$rtentry$$00000004)
    __rt_entry_li                            0x08000293   Thumb Code     0  rtentry2.o(.ARM.Collect$$rtentry$$0000000A)
    __rt_entry_postsh_1                      0x08000293   Thumb Code     0  rtentry2.o(.ARM.Collect$$rtentry$$00000009)
    __rt_entry_main                          0x08000297   Thumb Code     0  rtentry2.o(.ARM.Collect$$rtentry$$0000000D)
    __rt_entry_postli_1                      0x08000297   Thumb Code     0  rtentry2.o(.ARM.Collect$$rtentry$$0000000C)
    __rt_exit                                0x0800029f   Thumb Code     0  rtexit.o(.ARM.Collect$$rtexit$$00000000)
    __rt_exit_ls                             0x080002a1   Thumb Code     0  rtexit2.o(.ARM.Collect$$rtexit$$00000003)
    __rt_exit_prels_1                        0x080002a1   Thumb Code     0  rtexit2.o(.ARM.Collect$$rtexit$$00000002)
    __rt_exit_exit                           0x080002a5   Thumb Code     0  rtexit2.o(.ARM.Collect$$rtexit$$00000004)
    Reset_Handler                            0x080002ad   Thumb Code     8  startup_stm32f429_439xx.o(.text)
    NMI_Handler                              0x080002b5   Thumb Code     2  startup_stm32f429_439xx.o(.text)
    HardFault_Handler                        0x080002b7   Thumb Code     2  startup_stm32f429_439xx.o(.text)
    MemManage_Handler                        0x080002b9   Thumb Code     2  startup_stm32f429_439xx.o(.text)
    BusFault_Handler                         0x080002bb   Thumb Code     2  startup_stm32f429_439xx.o(.text)
    UsageFault_Handler                       0x080002bd   Thumb Code     2  startup_stm32f429_439xx.o(.text)
    SVC_Handler                              0x080002bf   Thumb Code     2  startup_stm32f429_439xx.o(.text)
    DebugMon_Handler                         0x080002c1   Thumb Code     2  startup_stm32f429_439xx.o(.text)
    PendSV_Handler                           0x080002c3   Thumb Code     2  startup_stm32f429_439xx.o(.text)
    ADC_IRQHandler                           0x080002c7   Thumb Code     0  startup_stm32f429_439xx.o(.text)
    CAN1_RX0_IRQHandler                      0x080002c7   Thumb Code     0  startup_stm32f429_439xx.o(.text)
    CAN1_RX1_IRQHandler                      0x080002c7   Thumb Code     0  startup_stm32f429_439xx.o(.text)
    CAN1_SCE_IRQHandler                      0x080002c7   Thumb Code     0  startup_stm32f429_439xx.o(.text)
    CAN1_TX_IRQHandler                       0x080002c7   Thumb Code     0  startup_stm32f429_439xx.o(.text)
    CAN2_RX0_IRQHandler                      0x080002c7   Thumb Code     0  startup_stm32f429_439xx.o(.text)
    CAN2_RX1_IRQHandler                      0x080002c7   Thumb Code     0  startup_stm32f429_439xx.o(.text)
    CAN2_SCE_IRQHandler                      0x080002c7   Thumb Code     0  startup_stm32f429_439xx.o(.text)
    CAN2_TX_IRQHandler                       0x080002c7   Thumb Code     0  startup_stm32f429_439xx.o(.text)
    CRYP_IRQHandler                          0x080002c7   Thumb Code     0  startup_stm32f429_439xx.o(.text)
    DCMI_IRQHandler                          0x080002c7   Thumb Code     0  startup_stm32f429_439xx.o(.text)
    DMA1_Stream0_IRQHandler                  0x080002c7   Thumb Code     0  startup_stm32f429_439xx.o(.text)
    DMA1_Stream1_IRQHandler                  0x080002c7   Thumb Code     0  startup_stm32f429_439xx.o(.text)
    DMA1_Stream2_IRQHandler                  0x080002c7   Thumb Code     0  startup_stm32f429_439xx.o(.text)
    DMA1_Stream3_IRQHandler                  0x080002c7   Thumb Code     0  startup_stm32f429_439xx.o(.text)
    DMA1_Stream4_IRQHandler                  0x080002c7   Thumb Code     0  startup_stm32f429_439xx.o(.text)
    DMA1_Stream5_IRQHandler                  0x080002c7   Thumb Code     0  startup_stm32f429_439xx.o(.text)
    DMA1_Stream6_IRQHandler                  0x080002c7   Thumb Code     0  startup_stm32f429_439xx.o(.text)
    DMA1_Stream7_IRQHandler                  0x080002c7   Thumb Code     0  startup_stm32f429_439xx.o(.text)
    DMA2D_IRQHandler                         0x080002c7   Thumb Code     0  startup_stm32f429_439xx.o(.text)
    DMA2_Stream0_IRQHandler                  0x080002c7   Thumb Code     0  startup_stm32f429_439xx.o(.text)
    DMA2_Stream1_IRQHandler                  0x080002c7   Thumb Code     0  startup_stm32f429_439xx.o(.text)
    DMA2_Stream2_IRQHandler                  0x080002c7   Thumb Code     0  startup_stm32f429_439xx.o(.text)
    DMA2_Stream3_IRQHandler                  0x080002c7   Thumb Code     0  startup_stm32f429_439xx.o(.text)
    DMA2_Stream4_IRQHandler                  0x080002c7   Thumb Code     0  startup_stm32f429_439xx.o(.text)
    DMA2_Stream5_IRQHandler                  0x080002c7   Thumb Code     0  startup_stm32f429_439xx.o(.text)
    DMA2_Stream6_IRQHandler                  0x080002c7   Thumb Code     0  startup_stm32f429_439xx.o(.text)
    DMA2_Stream7_IRQHandler                  0x080002c7   Thumb Code     0  startup_stm32f429_439xx.o(.text)
    ETH_IRQHandler                           0x080002c7   Thumb Code     0  startup_stm32f429_439xx.o(.text)
    ETH_WKUP_IRQHandler                      0x080002c7   Thumb Code     0  startup_stm32f429_439xx.o(.text)
    EXTI0_IRQHandler                         0x080002c7   Thumb Code     0  startup_stm32f429_439xx.o(.text)
    EXTI15_10_IRQHandler                     0x080002c7   Thumb Code     0  startup_stm32f429_439xx.o(.text)
    EXTI1_IRQHandler                         0x080002c7   Thumb Code     0  startup_stm32f429_439xx.o(.text)
    EXTI2_IRQHandler                         0x080002c7   Thumb Code     0  startup_stm32f429_439xx.o(.text)
    EXTI3_IRQHandler                         0x080002c7   Thumb Code     0  startup_stm32f429_439xx.o(.text)
    EXTI4_IRQHandler                         0x080002c7   Thumb Code     0  startup_stm32f429_439xx.o(.text)
    EXTI9_5_IRQHandler                       0x080002c7   Thumb Code     0  startup_stm32f429_439xx.o(.text)
    FLASH_IRQHandler                         0x080002c7   Thumb Code     0  startup_stm32f429_439xx.o(.text)
    FMC_IRQHandler                           0x080002c7   Thumb Code     0  startup_stm32f429_439xx.o(.text)
    FPU_IRQHandler                           0x080002c7   Thumb Code     0  startup_stm32f429_439xx.o(.text)
    HASH_RNG_IRQHandler                      0x080002c7   Thumb Code     0  startup_stm32f429_439xx.o(.text)
    I2C1_ER_IRQHandler                       0x080002c7   Thumb Code     0  startup_stm32f429_439xx.o(.text)
    I2C1_EV_IRQHandler                       0x080002c7   Thumb Code     0  startup_stm32f429_439xx.o(.text)
    I2C2_ER_IRQHandler                       0x080002c7   Thumb Code     0  startup_stm32f429_439xx.o(.text)
    I2C2_EV_IRQHandler                       0x080002c7   Thumb Code     0  startup_stm32f429_439xx.o(.text)
    I2C3_ER_IRQHandler                       0x080002c7   Thumb Code     0  startup_stm32f429_439xx.o(.text)
    I2C3_EV_IRQHandler                       0x080002c7   Thumb Code     0  startup_stm32f429_439xx.o(.text)
    LTDC_ER_IRQHandler                       0x080002c7   Thumb Code     0  startup_stm32f429_439xx.o(.text)
    LTDC_IRQHandler                          0x080002c7   Thumb Code     0  startup_stm32f429_439xx.o(.text)
    OTG_FS_IRQHandler                        0x080002c7   Thumb Code     0  startup_stm32f429_439xx.o(.text)
    OTG_FS_WKUP_IRQHandler                   0x080002c7   Thumb Code     0  startup_stm32f429_439xx.o(.text)
    OTG_HS_EP1_IN_IRQHandler                 0x080002c7   Thumb Code     0  startup_stm32f429_439xx.o(.text)
    OTG_HS_EP1_OUT_IRQHandler                0x080002c7   Thumb Code     0  startup_stm32f429_439xx.o(.text)
    OTG_HS_IRQHandler                        0x080002c7   Thumb Code     0  startup_stm32f429_439xx.o(.text)
    OTG_HS_WKUP_IRQHandler                   0x080002c7   Thumb Code     0  startup_stm32f429_439xx.o(.text)
    PVD_IRQHandler                           0x080002c7   Thumb Code     0  startup_stm32f429_439xx.o(.text)
    RCC_IRQHandler                           0x080002c7   Thumb Code     0  startup_stm32f429_439xx.o(.text)
    SAI1_IRQHandler                          0x080002c7   Thumb Code     0  startup_stm32f429_439xx.o(.text)
    SDIO_IRQHandler                          0x080002c7   Thumb Code     0  startup_stm32f429_439xx.o(.text)
    SPI1_IRQHandler                          0x080002c7   Thumb Code     0  startup_stm32f429_439xx.o(.text)
    SPI2_IRQHandler                          0x080002c7   Thumb Code     0  startup_stm32f429_439xx.o(.text)
    SPI3_IRQHandler                          0x080002c7   Thumb Code     0  startup_stm32f429_439xx.o(.text)
    SPI4_IRQHandler                          0x080002c7   Thumb Code     0  startup_stm32f429_439xx.o(.text)
    SPI5_IRQHandler                          0x080002c7   Thumb Code     0  startup_stm32f429_439xx.o(.text)
    SPI6_IRQHandler                          0x080002c7   Thumb Code     0  startup_stm32f429_439xx.o(.text)
    TAMP_STAMP_IRQHandler                    0x080002c7   Thumb Code     0  startup_stm32f429_439xx.o(.text)
    TIM1_BRK_TIM9_IRQHandler                 0x080002c7   Thumb Code     0  startup_stm32f429_439xx.o(.text)
    TIM1_CC_IRQHandler                       0x080002c7   Thumb Code     0  startup_stm32f429_439xx.o(.text)
    TIM1_TRG_COM_TIM11_IRQHandler            0x080002c7   Thumb Code     0  startup_stm32f429_439xx.o(.text)
    TIM1_UP_TIM10_IRQHandler                 0x080002c7   Thumb Code     0  startup_stm32f429_439xx.o(.text)
    TIM2_IRQHandler                          0x080002c7   Thumb Code     0  startup_stm32f429_439xx.o(.text)
    TIM3_IRQHandler                          0x080002c7   Thumb Code     0  startup_stm32f429_439xx.o(.text)
    TIM4_IRQHandler                          0x080002c7   Thumb Code     0  startup_stm32f429_439xx.o(.text)
    TIM5_IRQHandler                          0x080002c7   Thumb Code     0  startup_stm32f429_439xx.o(.text)
    TIM6_DAC_IRQHandler                      0x080002c7   Thumb Code     0  startup_stm32f429_439xx.o(.text)
    TIM7_IRQHandler                          0x080002c7   Thumb Code     0  startup_stm32f429_439xx.o(.text)
    TIM8_BRK_TIM12_IRQHandler                0x080002c7   Thumb Code     0  startup_stm32f429_439xx.o(.text)
    TIM8_CC_IRQHandler                       0x080002c7   Thumb Code     0  startup_stm32f429_439xx.o(.text)
    TIM8_TRG_COM_TIM14_IRQHandler            0x080002c7   Thumb Code     0  startup_stm32f429_439xx.o(.text)
    TIM8_UP_TIM13_IRQHandler                 0x080002c7   Thumb Code     0  startup_stm32f429_439xx.o(.text)
    UART4_IRQHandler                         0x080002c7   Thumb Code     0  startup_stm32f429_439xx.o(.text)
    UART5_IRQHandler                         0x080002c7   Thumb Code     0  startup_stm32f429_439xx.o(.text)
    UART7_IRQHandler                         0x080002c7   Thumb Code     0  startup_stm32f429_439xx.o(.text)
    UART8_IRQHandler                         0x080002c7   Thumb Code     0  startup_stm32f429_439xx.o(.text)
    USART1_IRQHandler                        0x080002c7   Thumb Code     0  startup_stm32f429_439xx.o(.text)
    USART2_IRQHandler                        0x080002c7   Thumb Code     0  startup_stm32f429_439xx.o(.text)
    USART6_IRQHandler                        0x080002c7   Thumb Code     0  startup_stm32f429_439xx.o(.text)
    WWDG_IRQHandler                          0x080002c7   Thumb Code     0  startup_stm32f429_439xx.o(.text)
    __user_initial_stackheap                 0x080002c9   Thumb Code     0  startup_stm32f429_439xx.o(.text)
    SystemInit                               0x080003f7   Thumb Code    88  system_stm32f4xx.o(.text)
    SystemCoreClockUpdate                    0x0800044f   Thumb Code   174  system_stm32f4xx.o(.text)
    NVIC_PriorityGroupConfig                 0x08000529   Thumb Code    10  misc.o(.text)
    NVIC_Init                                0x08000533   Thumb Code   108  misc.o(.text)
    NVIC_SetVectorTable                      0x0800059f   Thumb Code    14  misc.o(.text)
    NVIC_SystemLPConfig                      0x080005ad   Thumb Code    34  misc.o(.text)
    SysTick_CLKSourceConfig                  0x080005cf   Thumb Code    40  misc.o(.text)
    DMA2D_DeInit                             0x0800060d   Thumb Code    22  stm32f4xx_dma2d.o(.text)
    DMA2D_Init                               0x08000623   Thumb Code   218  stm32f4xx_dma2d.o(.text)
    DMA2D_StructInit                         0x080006fd   Thumb Code    24  stm32f4xx_dma2d.o(.text)
    DMA2D_StartTransfer                      0x08000715   Thumb Code    14  stm32f4xx_dma2d.o(.text)
    DMA2D_AbortTransfer                      0x08000723   Thumb Code    14  stm32f4xx_dma2d.o(.text)
    DMA2D_Suspend                            0x08000731   Thumb Code    30  stm32f4xx_dma2d.o(.text)
    DMA2D_FGConfig                           0x0800074f   Thumb Code   174  stm32f4xx_dma2d.o(.text)
    DMA2D_FG_StructInit                      0x080007fd   Thumb Code    26  stm32f4xx_dma2d.o(.text)
    DMA2D_BGConfig                           0x08000817   Thumb Code   174  stm32f4xx_dma2d.o(.text)
    DMA2D_BG_StructInit                      0x080008c5   Thumb Code    26  stm32f4xx_dma2d.o(.text)
    DMA2D_FGStart                            0x080008df   Thumb Code    30  stm32f4xx_dma2d.o(.text)
    DMA2D_BGStart                            0x080008fd   Thumb Code    30  stm32f4xx_dma2d.o(.text)
    DMA2D_DeadTimeConfig                     0x0800091b   Thumb Code    50  stm32f4xx_dma2d.o(.text)
    DMA2D_LineWatermarkConfig                0x0800094d   Thumb Code     6  stm32f4xx_dma2d.o(.text)
    DMA2D_ITConfig                           0x08000953   Thumb Code    26  stm32f4xx_dma2d.o(.text)
    DMA2D_GetFlagStatus                      0x0800096d   Thumb Code    20  stm32f4xx_dma2d.o(.text)
    DMA2D_ClearFlag                          0x08000981   Thumb Code     6  stm32f4xx_dma2d.o(.text)
    DMA2D_GetITStatus                        0x08000987   Thumb Code    38  stm32f4xx_dma2d.o(.text)
    DMA2D_ClearITPendingBit                  0x080009ad   Thumb Code     8  stm32f4xx_dma2d.o(.text)
    EXTI_DeInit                              0x080009c1   Thumb Code    28  stm32f4xx_exti.o(.text)
    EXTI_Init                                0x080009dd   Thumb Code   142  stm32f4xx_exti.o(.text)
    EXTI_StructInit                          0x08000a6b   Thumb Code    16  stm32f4xx_exti.o(.text)
    EXTI_GenerateSWInterrupt                 0x08000a7b   Thumb Code    16  stm32f4xx_exti.o(.text)
    EXTI_GetFlagStatus                       0x08000a8b   Thumb Code    22  stm32f4xx_exti.o(.text)
    EXTI_ClearFlag                           0x08000aa1   Thumb Code     8  stm32f4xx_exti.o(.text)
    EXTI_GetITStatus                         0x08000aa9   Thumb Code    22  stm32f4xx_exti.o(.text)
    EXTI_ClearITPendingBit                   0x08000abf   Thumb Code     8  stm32f4xx_exti.o(.text)
    FMC_NORSRAMDeInit                        0x08000ad1   Thumb Code    56  stm32f4xx_fmc.o(.text)
    FMC_NORSRAMInit                          0x08000b09   Thumb Code   292  stm32f4xx_fmc.o(.text)
    FMC_NORSRAMStructInit                    0x08000c2d   Thumb Code   120  stm32f4xx_fmc.o(.text)
    FMC_NORSRAMCmd                           0x08000ca5   Thumb Code    46  stm32f4xx_fmc.o(.text)
    FMC_NANDDeInit                           0x08000cd3   Thumb Code    62  stm32f4xx_fmc.o(.text)
    FMC_NANDInit                             0x08000d11   Thumb Code   130  stm32f4xx_fmc.o(.text)
    FMC_NANDStructInit                       0x08000d93   Thumb Code    58  stm32f4xx_fmc.o(.text)
    FMC_NANDCmd                              0x08000dcd   Thumb Code    86  stm32f4xx_fmc.o(.text)
    FMC_NANDECCCmd                           0x08000e23   Thumb Code    86  stm32f4xx_fmc.o(.text)
    FMC_GetECC                               0x08000e79   Thumb Code    22  stm32f4xx_fmc.o(.text)
    FMC_PCCARDDeInit                         0x08000e8f   Thumb Code    40  stm32f4xx_fmc.o(.text)
    FMC_PCCARDInit                           0x08000eb7   Thumb Code   124  stm32f4xx_fmc.o(.text)
    FMC_PCCARDStructInit                     0x08000f33   Thumb Code    60  stm32f4xx_fmc.o(.text)
    FMC_PCCARDCmd                            0x08000f6f   Thumb Code    40  stm32f4xx_fmc.o(.text)
    FMC_SDRAMDeInit                          0x08000f97   Thumb Code    46  stm32f4xx_fmc.o(.text)
    FMC_SDRAMInit                            0x08000fc5   Thumb Code   300  stm32f4xx_fmc.o(.text)
    FMC_SDRAMStructInit                      0x080010f1   Thumb Code    64  stm32f4xx_fmc.o(.text)
    FMC_SDRAMCmdConfig                       0x08001131   Thumb Code    28  stm32f4xx_fmc.o(.text)
    FMC_GetModeStatus                        0x0800114d   Thumb Code    30  stm32f4xx_fmc.o(.text)
    FMC_SetRefreshCount                      0x0800116b   Thumb Code    18  stm32f4xx_fmc.o(.text)
    FMC_SetAutoRefresh_Number                0x0800117d   Thumb Code    18  stm32f4xx_fmc.o(.text)
    FMC_SDRAMWriteProtectionConfig           0x0800118f   Thumb Code    64  stm32f4xx_fmc.o(.text)
    FMC_ITConfig                             0x080011cf   Thumb Code   176  stm32f4xx_fmc.o(.text)
    FMC_GetFlagStatus                        0x0800127f   Thumb Code    64  stm32f4xx_fmc.o(.text)
    FMC_ClearFlag                            0x080012bf   Thumb Code    86  stm32f4xx_fmc.o(.text)
    FMC_GetITStatus                          0x08001315   Thumb Code    94  stm32f4xx_fmc.o(.text)
    FMC_ClearITPendingBit                    0x08001373   Thumb Code    88  stm32f4xx_fmc.o(.text)
    GPIO_DeInit                              0x080013e1   Thumb Code   268  stm32f4xx_gpio.o(.text)
    GPIO_Init                                0x080014ed   Thumb Code   144  stm32f4xx_gpio.o(.text)
    GPIO_StructInit                          0x0800157d   Thumb Code    18  stm32f4xx_gpio.o(.text)
    GPIO_PinLockConfig                       0x0800158f   Thumb Code    34  stm32f4xx_gpio.o(.text)
    GPIO_ReadInputDataBit                    0x080015b1   Thumb Code    18  stm32f4xx_gpio.o(.text)
    GPIO_ReadInputData                       0x080015c3   Thumb Code     8  stm32f4xx_gpio.o(.text)
    GPIO_ReadOutputDataBit                   0x080015cb   Thumb Code    18  stm32f4xx_gpio.o(.text)
    GPIO_ReadOutputData                      0x080015dd   Thumb Code     8  stm32f4xx_gpio.o(.text)
    GPIO_SetBits                             0x080015e5   Thumb Code     4  stm32f4xx_gpio.o(.text)
    GPIO_ResetBits                           0x080015e9   Thumb Code     4  stm32f4xx_gpio.o(.text)
    GPIO_WriteBit                            0x080015ed   Thumb Code    10  stm32f4xx_gpio.o(.text)
    GPIO_Write                               0x080015f7   Thumb Code     4  stm32f4xx_gpio.o(.text)
    GPIO_ToggleBits                          0x080015fb   Thumb Code     8  stm32f4xx_gpio.o(.text)
    GPIO_PinAFConfig                         0x08001603   Thumb Code    70  stm32f4xx_gpio.o(.text)
    LTDC_DeInit                              0x08001675   Thumb Code    22  stm32f4xx_ltdc.o(.text)
    LTDC_Init                                0x0800168b   Thumb Code   378  stm32f4xx_ltdc.o(.text)
    LTDC_StructInit                          0x08001805   Thumb Code    34  stm32f4xx_ltdc.o(.text)
    LTDC_Cmd                                 0x08001827   Thumb Code    38  stm32f4xx_ltdc.o(.text)
    LTDC_DitherCmd                           0x0800184d   Thumb Code    38  stm32f4xx_ltdc.o(.text)
    LTDC_GetRGBWidth                         0x08001873   Thumb Code    58  stm32f4xx_ltdc.o(.text)
    LTDC_RGBStructInit                       0x080018ad   Thumb Code    10  stm32f4xx_ltdc.o(.text)
    LTDC_LIPConfig                           0x080018b7   Thumb Code     8  stm32f4xx_ltdc.o(.text)
    LTDC_ReloadConfig                        0x080018bf   Thumb Code     8  stm32f4xx_ltdc.o(.text)
    LTDC_LayerInit                           0x080018c7   Thumb Code   276  stm32f4xx_ltdc.o(.text)
    LTDC_LayerStructInit                     0x080019db   Thumb Code    48  stm32f4xx_ltdc.o(.text)
    LTDC_LayerCmd                            0x08001a0b   Thumb Code    22  stm32f4xx_ltdc.o(.text)
    LTDC_GetPosStatus                        0x08001a21   Thumb Code    42  stm32f4xx_ltdc.o(.text)
    LTDC_PosStructInit                       0x08001a4b   Thumb Code     8  stm32f4xx_ltdc.o(.text)
    LTDC_GetCDStatus                         0x08001a53   Thumb Code    20  stm32f4xx_ltdc.o(.text)
    LTDC_ColorKeyingConfig                   0x08001a67   Thumb Code    74  stm32f4xx_ltdc.o(.text)
    LTDC_ColorKeyingStructInit               0x08001ab1   Thumb Code    10  stm32f4xx_ltdc.o(.text)
    LTDC_CLUTCmd                             0x08001abb   Thumb Code    28  stm32f4xx_ltdc.o(.text)
    LTDC_CLUTInit                            0x08001ad7   Thumb Code    32  stm32f4xx_ltdc.o(.text)
    LTDC_CLUTStructInit                      0x08001af7   Thumb Code    12  stm32f4xx_ltdc.o(.text)
    LTDC_LayerPosition                       0x08001b03   Thumb Code   158  stm32f4xx_ltdc.o(.text)
    LTDC_LayerAlpha                          0x08001ba1   Thumb Code     4  stm32f4xx_ltdc.o(.text)
    LTDC_LayerAddress                        0x08001ba5   Thumb Code     4  stm32f4xx_ltdc.o(.text)
    LTDC_LayerSize                           0x08001ba9   Thumb Code   116  stm32f4xx_ltdc.o(.text)
    LTDC_LayerPixelFormat                    0x08001c1d   Thumb Code   106  stm32f4xx_ltdc.o(.text)
    LTDC_ITConfig                            0x08001c87   Thumb Code    34  stm32f4xx_ltdc.o(.text)
    LTDC_GetFlagStatus                       0x08001ca9   Thumb Code    22  stm32f4xx_ltdc.o(.text)
    LTDC_ClearFlag                           0x08001cbf   Thumb Code     8  stm32f4xx_ltdc.o(.text)
    LTDC_GetITStatus                         0x08001cc7   Thumb Code    40  stm32f4xx_ltdc.o(.text)
    LTDC_ClearITPendingBit                   0x08001cef   Thumb Code     8  stm32f4xx_ltdc.o(.text)
    RCC_DeInit                               0x08001cfd   Thumb Code    82  stm32f4xx_rcc.o(.text)
    RCC_HSEConfig                            0x08001d4f   Thumb Code    14  stm32f4xx_rcc.o(.text)
    RCC_GetFlagStatus                        0x08001d5d   Thumb Code    60  stm32f4xx_rcc.o(.text)
    RCC_WaitForHSEStartUp                    0x08001d99   Thumb Code    56  stm32f4xx_rcc.o(.text)
    RCC_AdjustHSICalibrationValue            0x08001dd1   Thumb Code    20  stm32f4xx_rcc.o(.text)
    RCC_HSICmd                               0x08001de5   Thumb Code     6  stm32f4xx_rcc.o(.text)
    RCC_LSEConfig                            0x08001deb   Thumb Code    46  stm32f4xx_rcc.o(.text)
    RCC_LSICmd                               0x08001e19   Thumb Code     6  stm32f4xx_rcc.o(.text)
    RCC_PLLConfig                            0x08001e1f   Thumb Code    32  stm32f4xx_rcc.o(.text)
    RCC_PLLCmd                               0x08001e3f   Thumb Code     6  stm32f4xx_rcc.o(.text)
    RCC_PLLI2SConfig                         0x08001e45   Thumb Code    20  stm32f4xx_rcc.o(.text)
    RCC_PLLI2SCmd                            0x08001e59   Thumb Code     6  stm32f4xx_rcc.o(.text)
    RCC_PLLSAIConfig                         0x08001e5f   Thumb Code    20  stm32f4xx_rcc.o(.text)
    RCC_PLLSAICmd                            0x08001e73   Thumb Code     6  stm32f4xx_rcc.o(.text)
    RCC_ClockSecuritySystemCmd               0x08001e79   Thumb Code     6  stm32f4xx_rcc.o(.text)
    RCC_MCO1Config                           0x08001e7f   Thumb Code    28  stm32f4xx_rcc.o(.text)
    RCC_MCO2Config                           0x08001e9b   Thumb Code    28  stm32f4xx_rcc.o(.text)
    RCC_SYSCLKConfig                         0x08001eb7   Thumb Code    20  stm32f4xx_rcc.o(.text)
    RCC_GetSYSCLKSource                      0x08001ecb   Thumb Code    12  stm32f4xx_rcc.o(.text)
    RCC_HCLKConfig                           0x08001ed7   Thumb Code    20  stm32f4xx_rcc.o(.text)
    RCC_PCLK1Config                          0x08001eeb   Thumb Code    20  stm32f4xx_rcc.o(.text)
    RCC_PCLK2Config                          0x08001eff   Thumb Code    22  stm32f4xx_rcc.o(.text)
    RCC_GetClocksFreq                        0x08001f15   Thumb Code   222  stm32f4xx_rcc.o(.text)
    RCC_RTCCLKConfig                         0x08001ff3   Thumb Code    54  stm32f4xx_rcc.o(.text)
    RCC_RTCCLKCmd                            0x08002029   Thumb Code     8  stm32f4xx_rcc.o(.text)
    RCC_BackupResetCmd                       0x08002031   Thumb Code     8  stm32f4xx_rcc.o(.text)
    RCC_I2SCLKConfig                         0x08002039   Thumb Code     6  stm32f4xx_rcc.o(.text)
    RCC_SAIPLLI2SClkDivConfig                0x0800203f   Thumb Code    26  stm32f4xx_rcc.o(.text)
    RCC_SAIPLLSAIClkDivConfig                0x08002059   Thumb Code    28  stm32f4xx_rcc.o(.text)
    RCC_SAIBlockACLKConfig                   0x08002075   Thumb Code    20  stm32f4xx_rcc.o(.text)
    RCC_SAIBlockBCLKConfig                   0x08002089   Thumb Code    20  stm32f4xx_rcc.o(.text)
    RCC_LTDCCLKDivConfig                     0x0800209d   Thumb Code    20  stm32f4xx_rcc.o(.text)
    RCC_TIMCLKPresConfig                     0x080020b1   Thumb Code     6  stm32f4xx_rcc.o(.text)
    RCC_AHB1PeriphClockCmd                   0x080020b7   Thumb Code    82  stm32f4xx_rcc.o(.text)
    RCC_AHB2PeriphClockCmd                   0x08002109   Thumb Code    26  stm32f4xx_rcc.o(.text)
    RCC_AHB3PeriphClockCmd                   0x08002123   Thumb Code    34  stm32f4xx_rcc.o(.text)
    RCC_APB1PeriphClockCmd                   0x08002145   Thumb Code    34  stm32f4xx_rcc.o(.text)
    RCC_APB2PeriphClockCmd                   0x08002167   Thumb Code    34  stm32f4xx_rcc.o(.text)
    RCC_AHB1PeriphResetCmd                   0x08002189   Thumb Code    34  stm32f4xx_rcc.o(.text)
    RCC_AHB2PeriphResetCmd                   0x080021ab   Thumb Code    34  stm32f4xx_rcc.o(.text)
    RCC_AHB3PeriphResetCmd                   0x080021cd   Thumb Code    34  stm32f4xx_rcc.o(.text)
    RCC_APB1PeriphResetCmd                   0x080021ef   Thumb Code    34  stm32f4xx_rcc.o(.text)
    RCC_APB2PeriphResetCmd                   0x08002211   Thumb Code    34  stm32f4xx_rcc.o(.text)
    RCC_AHB1PeriphClockLPModeCmd             0x08002233   Thumb Code    34  stm32f4xx_rcc.o(.text)
    RCC_AHB2PeriphClockLPModeCmd             0x08002255   Thumb Code    34  stm32f4xx_rcc.o(.text)
    RCC_AHB3PeriphClockLPModeCmd             0x08002277   Thumb Code    34  stm32f4xx_rcc.o(.text)
    RCC_APB1PeriphClockLPModeCmd             0x08002299   Thumb Code    34  stm32f4xx_rcc.o(.text)
    RCC_APB2PeriphClockLPModeCmd             0x080022bb   Thumb Code    34  stm32f4xx_rcc.o(.text)
    RCC_ITConfig                             0x080022dd   Thumb Code    34  stm32f4xx_rcc.o(.text)
    RCC_ClearFlag                            0x080022ff   Thumb Code    18  stm32f4xx_rcc.o(.text)
    RCC_GetITStatus                          0x08002311   Thumb Code    22  stm32f4xx_rcc.o(.text)
    RCC_ClearITPendingBit                    0x08002327   Thumb Code     8  stm32f4xx_rcc.o(.text)
    SPI_I2S_DeInit                           0x08002335   Thumb Code   152  stm32f4xx_spi.o(.text)
    SPI_Init                                 0x080023cd   Thumb Code    60  stm32f4xx_spi.o(.text)
    I2S_Init                                 0x08002409   Thumb Code   346  stm32f4xx_spi.o(.text)
    SPI_StructInit                           0x08002563   Thumb Code    24  stm32f4xx_spi.o(.text)
    I2S_StructInit                           0x0800257b   Thumb Code    20  stm32f4xx_spi.o(.text)
    SPI_Cmd                                  0x0800258f   Thumb Code    24  stm32f4xx_spi.o(.text)
    I2S_Cmd                                  0x080025a7   Thumb Code    24  stm32f4xx_spi.o(.text)
    SPI_DataSizeConfig                       0x080025bf   Thumb Code    18  stm32f4xx_spi.o(.text)
    SPI_BiDirectionalLineConfig              0x080025d1   Thumb Code    28  stm32f4xx_spi.o(.text)
    SPI_NSSInternalSoftwareConfig            0x080025ed   Thumb Code    30  stm32f4xx_spi.o(.text)
    SPI_SSOutputCmd                          0x0800260b   Thumb Code    24  stm32f4xx_spi.o(.text)
    SPI_TIModeCmd                            0x08002623   Thumb Code    24  stm32f4xx_spi.o(.text)
    I2S_FullDuplexConfig                     0x0800263b   Thumb Code    80  stm32f4xx_spi.o(.text)
    SPI_I2S_ReceiveData                      0x0800268b   Thumb Code     6  stm32f4xx_spi.o(.text)
    SPI_I2S_SendData                         0x08002691   Thumb Code     4  stm32f4xx_spi.o(.text)
    SPI_CalculateCRC                         0x08002695   Thumb Code    24  stm32f4xx_spi.o(.text)
    SPI_TransmitCRC                          0x080026ad   Thumb Code    10  stm32f4xx_spi.o(.text)
    SPI_GetCRC                               0x080026b7   Thumb Code    16  stm32f4xx_spi.o(.text)
    SPI_GetCRCPolynomial                     0x080026c7   Thumb Code     6  stm32f4xx_spi.o(.text)
    SPI_I2S_DMACmd                           0x080026cd   Thumb Code    18  stm32f4xx_spi.o(.text)
    SPI_I2S_ITConfig                         0x080026df   Thumb Code    32  stm32f4xx_spi.o(.text)
    SPI_I2S_GetFlagStatus                    0x080026ff   Thumb Code    18  stm32f4xx_spi.o(.text)
    SPI_I2S_ClearFlag                        0x08002711   Thumb Code    40  stm32f4xx_spi.o(.text)
    SPI_I2S_GetITStatus                      0x08002739   Thumb Code    52  stm32f4xx_spi.o(.text)
    SPI_I2S_ClearITPendingBit                0x0800276d   Thumb Code    20  stm32f4xx_spi.o(.text)
    USART_DeInit                             0x08002781   Thumb Code   206  stm32f4xx_usart.o(.text)
    USART_Init                               0x0800284f   Thumb Code   204  stm32f4xx_usart.o(.text)
    USART_StructInit                         0x0800291b   Thumb Code    24  stm32f4xx_usart.o(.text)
    USART_ClockInit                          0x08002933   Thumb Code    32  stm32f4xx_usart.o(.text)
    USART_ClockStructInit                    0x08002953   Thumb Code    12  stm32f4xx_usart.o(.text)
    USART_Cmd                                0x0800295f   Thumb Code    24  stm32f4xx_usart.o(.text)
    USART_SetPrescaler                       0x08002977   Thumb Code    16  stm32f4xx_usart.o(.text)
    USART_OverSampling8Cmd                   0x08002987   Thumb Code    22  stm32f4xx_usart.o(.text)
    USART_OneBitMethodCmd                    0x0800299d   Thumb Code    24  stm32f4xx_usart.o(.text)
    USART_SendData                           0x080029b5   Thumb Code     8  stm32f4xx_usart.o(.text)
    USART_ReceiveData                        0x080029bd   Thumb Code    10  stm32f4xx_usart.o(.text)
    USART_SetAddress                         0x080029c7   Thumb Code    18  stm32f4xx_usart.o(.text)
    USART_ReceiverWakeUpCmd                  0x080029d9   Thumb Code    24  stm32f4xx_usart.o(.text)
    USART_WakeUpConfig                       0x080029f1   Thumb Code    18  stm32f4xx_usart.o(.text)
    USART_LINBreakDetectLengthConfig         0x08002a03   Thumb Code    18  stm32f4xx_usart.o(.text)
    USART_LINCmd                             0x08002a15   Thumb Code    24  stm32f4xx_usart.o(.text)
    USART_SendBreak                          0x08002a2d   Thumb Code    10  stm32f4xx_usart.o(.text)
    USART_HalfDuplexCmd                      0x08002a37   Thumb Code    24  stm32f4xx_usart.o(.text)
    USART_SetGuardTime                       0x08002a4f   Thumb Code    16  stm32f4xx_usart.o(.text)
    USART_SmartCardCmd                       0x08002a5f   Thumb Code    24  stm32f4xx_usart.o(.text)
    USART_SmartCardNACKCmd                   0x08002a77   Thumb Code    24  stm32f4xx_usart.o(.text)
    USART_IrDAConfig                         0x08002a8f   Thumb Code    18  stm32f4xx_usart.o(.text)
    USART_IrDACmd                            0x08002aa1   Thumb Code    24  stm32f4xx_usart.o(.text)
    USART_DMACmd                             0x08002ab9   Thumb Code    18  stm32f4xx_usart.o(.text)
    USART_ITConfig                           0x08002acb   Thumb Code    74  stm32f4xx_usart.o(.text)
    USART_GetFlagStatus                      0x08002b15   Thumb Code    26  stm32f4xx_usart.o(.text)
    USART_ClearFlag                          0x08002b2f   Thumb Code    18  stm32f4xx_usart.o(.text)
    USART_GetITStatus                        0x08002b41   Thumb Code   118  stm32f4xx_usart.o(.text)
    USART_ClearITPendingBit                  0x08002bb7   Thumb Code    30  stm32f4xx_usart.o(.text)
    RTC_WaitForSynchro                       0x08002bd5   Thumb Code    92  stm32f4xx_rtc.o(.text)
    RTC_EnterInitMode                        0x08002c31   Thumb Code    84  stm32f4xx_rtc.o(.text)
    RTC_DeInit                               0x08002c85   Thumb Code   182  stm32f4xx_rtc.o(.text)
    RTC_ExitInitMode                         0x08002d3b   Thumb Code    18  stm32f4xx_rtc.o(.text)
    RTC_Init                                 0x08002d4d   Thumb Code    94  stm32f4xx_rtc.o(.text)
    RTC_StructInit                           0x08002dab   Thumb Code    14  stm32f4xx_rtc.o(.text)
    RTC_WriteProtectionCmd                   0x08002db9   Thumb Code    22  stm32f4xx_rtc.o(.text)
    RTC_RefClockCmd                          0x08002dcf   Thumb Code    76  stm32f4xx_rtc.o(.text)
    RTC_BypassShadowCmd                      0x08002e1b   Thumb Code    54  stm32f4xx_rtc.o(.text)
    RTC_SetTime                              0x08002e83   Thumb Code   184  stm32f4xx_rtc.o(.text)
    RTC_TimeStructInit                       0x08002f3b   Thumb Code    12  stm32f4xx_rtc.o(.text)
    RTC_GetTime                              0x08002f47   Thumb Code    74  stm32f4xx_rtc.o(.text)
    RTC_GetSubSecond                         0x08002f91   Thumb Code    16  stm32f4xx_rtc.o(.text)
    RTC_SetDate                              0x08002fa1   Thumb Code   188  stm32f4xx_rtc.o(.text)
    RTC_DateStructInit                       0x0800305d   Thumb Code    14  stm32f4xx_rtc.o(.text)
    RTC_GetDate                              0x0800306b   Thumb Code    74  stm32f4xx_rtc.o(.text)
    RTC_SetAlarm                             0x080030b5   Thumb Code   230  stm32f4xx_rtc.o(.text)
    RTC_AlarmStructInit                      0x0800319b   Thumb Code    22  stm32f4xx_rtc.o(.text)
    RTC_GetAlarm                             0x080031b1   Thumb Code   114  stm32f4xx_rtc.o(.text)
    RTC_AlarmCmd                             0x08003223   Thumb Code   112  stm32f4xx_rtc.o(.text)
    RTC_AlarmSubSecondConfig                 0x08003293   Thumb Code    46  stm32f4xx_rtc.o(.text)
    RTC_GetAlarmSubSecond                    0x080032c1   Thumb Code    34  stm32f4xx_rtc.o(.text)
    RTC_WakeUpClockConfig                    0x080032e3   Thumb Code    42  stm32f4xx_rtc.o(.text)
    RTC_SetWakeUpCounter                     0x0800330d   Thumb Code    22  stm32f4xx_rtc.o(.text)
    RTC_GetWakeUpCounter                     0x08003323   Thumb Code    10  stm32f4xx_rtc.o(.text)
    RTC_WakeUpCmd                            0x0800332d   Thumb Code   116  stm32f4xx_rtc.o(.text)
    RTC_DayLightSavingConfig                 0x080033a1   Thumb Code    50  stm32f4xx_rtc.o(.text)
    RTC_GetStoreOperation                    0x080033d3   Thumb Code    12  stm32f4xx_rtc.o(.text)
    RTC_OutputConfig                         0x080033df   Thumb Code    58  stm32f4xx_rtc.o(.text)
    RTC_CoarseCalibConfig                    0x08003419   Thumb Code    52  stm32f4xx_rtc.o(.text)
    RTC_CoarseCalibCmd                       0x0800344d   Thumb Code    76  stm32f4xx_rtc.o(.text)
    RTC_CalibOutputCmd                       0x08003499   Thumb Code    54  stm32f4xx_rtc.o(.text)
    RTC_CalibOutputConfig                    0x080034cf   Thumb Code    42  stm32f4xx_rtc.o(.text)
    RTC_SmoothCalibConfig                    0x080034f9   Thumb Code    90  stm32f4xx_rtc.o(.text)
    RTC_TimeStampCmd                         0x08003553   Thumb Code    54  stm32f4xx_rtc.o(.text)
    RTC_GetTimeStamp                         0x08003589   Thumb Code   144  stm32f4xx_rtc.o(.text)
    RTC_GetTimeStampSubSecond                0x08003619   Thumb Code     8  stm32f4xx_rtc.o(.text)
    RTC_TamperTriggerConfig                  0x08003621   Thumb Code    38  stm32f4xx_rtc.o(.text)
    RTC_TamperCmd                            0x08003647   Thumb Code    34  stm32f4xx_rtc.o(.text)
    RTC_TamperFilterConfig                   0x08003669   Thumb Code    26  stm32f4xx_rtc.o(.text)
    RTC_TamperSamplingFreqConfig             0x08003683   Thumb Code    26  stm32f4xx_rtc.o(.text)
    RTC_TamperPinsPrechargeDuration          0x0800369d   Thumb Code    26  stm32f4xx_rtc.o(.text)
    RTC_TimeStampOnTamperDetectionCmd        0x080036b7   Thumb Code    38  stm32f4xx_rtc.o(.text)
    RTC_TamperPullUpCmd                      0x080036dd   Thumb Code    38  stm32f4xx_rtc.o(.text)
    RTC_WriteBackupRegister                  0x08003703   Thumb Code    26  stm32f4xx_rtc.o(.text)
    RTC_ReadBackupRegister                   0x0800371d   Thumb Code    28  stm32f4xx_rtc.o(.text)
    RTC_TamperPinSelection                   0x08003739   Thumb Code    26  stm32f4xx_rtc.o(.text)
    RTC_TimeStampPinSelection                0x08003753   Thumb Code    26  stm32f4xx_rtc.o(.text)
    RTC_OutputTypeConfig                     0x0800376d   Thumb Code    26  stm32f4xx_rtc.o(.text)
    RTC_SynchroShiftConfig                   0x08003787   Thumb Code   130  stm32f4xx_rtc.o(.text)
    RTC_ITConfig                             0x08003809   Thumb Code    94  stm32f4xx_rtc.o(.text)
    RTC_GetFlagStatus                        0x08003867   Thumb Code    34  stm32f4xx_rtc.o(.text)
    RTC_ClearFlag                            0x08003889   Thumb Code    28  stm32f4xx_rtc.o(.text)
    RTC_GetITStatus                          0x080038a5   Thumb Code    62  stm32f4xx_rtc.o(.text)
    RTC_ClearITPendingBit                    0x080038e3   Thumb Code    32  stm32f4xx_rtc.o(.text)
    PWR_DeInit                               0x08003909   Thumb Code    22  stm32f4xx_pwr.o(.text)
    PWR_BackupAccessCmd                      0x0800391f   Thumb Code     6  stm32f4xx_pwr.o(.text)
    PWR_PVDLevelConfig                       0x08003925   Thumb Code    18  stm32f4xx_pwr.o(.text)
    PWR_PVDCmd                               0x08003937   Thumb Code     6  stm32f4xx_pwr.o(.text)
    PWR_WakeUpPinCmd                         0x0800393d   Thumb Code     6  stm32f4xx_pwr.o(.text)
    PWR_BackupRegulatorCmd                   0x08003943   Thumb Code     6  stm32f4xx_pwr.o(.text)
    PWR_HighPerformanceModeCmd               0x08003949   Thumb Code     6  stm32f4xx_pwr.o(.text)
    PWR_FlashPowerDownCmd                    0x0800394f   Thumb Code     6  stm32f4xx_pwr.o(.text)
    PWR_EnterSTOPMode                        0x08003955   Thumb Code    54  stm32f4xx_pwr.o(.text)
    PWR_EnterSTANDBYMode                     0x0800398b   Thumb Code    42  stm32f4xx_pwr.o(.text)
    PWR_GetFlagStatus                        0x080039b5   Thumb Code    20  stm32f4xx_pwr.o(.text)
    PWR_ClearFlag                            0x080039c9   Thumb Code    14  stm32f4xx_pwr.o(.text)
    fputc                                    0x080039ed   Thumb Code    18  main.o(.text)
    Clear                                    0x080039ff   Thumb Code   132  main.o(.text)
    StudentInfo                              0x08003a83   Thumb Code   334  main.o(.text)
    BO_Plus                                  0x08003bd1   Thumb Code  1368  main.o(.text)
    BO_Subtract                              0x08004129   Thumb Code  1328  main.o(.text)
    BO_Multiple                              0x08004659   Thumb Code  1438  main.o(.text)
    BO_Divide                                0x08004bf7   Thumb Code  1320  main.o(.text)
    BO_Module                                0x0800511f   Thumb Code  1350  main.o(.text)
    BasicOperation                           0x08005665   Thumb Code   376  main.o(.text)
    setup_leds                               0x080057dd   Thumb Code    38  main.o(.text)
    setup_button                             0x08005803   Thumb Code    36  main.o(.text)
    read_button                              0x08005827   Thumb Code    12  main.o(.text)
    flash_all_leds                           0x08005833   Thumb Code    46  main.o(.text)
    SimpleLed                                0x08005861   Thumb Code   494  main.o(.text)
    SetLed                                   0x08005a4f   Thumb Code   454  main.o(.text)
    Clockwise                                0x08005c15   Thumb Code   164  main.o(.text)
    AntiClockwise                            0x08005cb9   Thumb Code   262  main.o(.text)
    SetDerection                             0x08005dbf   Thumb Code   448  main.o(.text)
    Start                                    0x08005f7f   Thumb Code   320  main.o(.text)
    AdvanceLed                               0x080060bf   Thumb Code   404  main.o(.text)
    Audio                                    0x08006253   Thumb Code   214  main.o(.text)
    RTC_Set                                  0x08006329   Thumb Code   214  main.o(.text)
    Timer                                    0x080063ff   Thumb Code   302  main.o(.text)
    main                                     0x0800652d   Thumb Code   224  main.o(.text)
    USART3_IRQHandler                        0x0800660d   Thumb Code   118  main.o(.text)
    lcd_init                                 0x08006699   Thumb Code    42  lcd.o(.text)
    queue_init                               0x080066c3   Thumb Code    22  queue.o(.text)
    queue_is_full                            0x080066d9   Thumb Code    18  queue.o(.text)
    queue_push                               0x080066eb   Thumb Code    32  queue.o(.text)
    queue_is_empty                           0x0800670b   Thumb Code    14  queue.o(.text)
    queue_pop                                0x08006719   Thumb Code    62  queue.o(.text)
    queue_peek                               0x08006757   Thumb Code    20  queue.o(.text)
    queue_push_string                        0x0800676b   Thumb Code    40  queue.o(.text)
    uart3_init_interrupt                     0x08006795   Thumb Code   174  uart.o(.text)
    SysTick_Handler                          0x0800684d   Thumb Code    18  delay.o(.text)
    Delay_Init                               0x0800685f   Thumb Code    84  delay.o(.text)
    Delay_us                                 0x080068b3   Thumb Code    16  delay.o(.text)
    Delay_ms                                 0x080068c3   Thumb Code    24  delay.o(.text)
    RTC_Set_Time                             0x080068f1   Thumb Code    36  rtc.o(.text)
    RTC_Set_Date                             0x08006915   Thumb Code    36  rtc.o(.text)
    My_RTC_Init                              0x08006939   Thumb Code   142  rtc.o(.text)
    RTC_Set_AlarmA                           0x080069c7   Thumb Code   166  rtc.o(.text)
    RTC_Set_WakeUp                           0x08006a6d   Thumb Code   116  rtc.o(.text)
    RTC_Alarm_IRQHandler                     0x08006ae1   Thumb Code    30  rtc.o(.text)
    RTC_WKUP_IRQHandler                      0x08006aff   Thumb Code    52  rtc.o(.text)
    secs                                     0x08006b33   Thumb Code    44  rtc.o(.text)
    millisInit                               0x08006b5f   Thumb Code    16  rtc.o(.text)
    millis                                   0x08006b6f   Thumb Code     6  rtc.o(.text)
    LCD_ChipSelect                           0x08006b79   Thumb Code    26  stm32f429i_discovery_lcd.o(.text)
    LCD_CtrlLinesWrite                       0x08006b93   Thumb Code    20  stm32f429i_discovery_lcd.o(.text)
    LCD_WriteCommand                         0x08006ba7   Thumb Code    66  stm32f429i_discovery_lcd.o(.text)
    LCD_DisplayOff                           0x08006be9   Thumb Code    10  stm32f429i_discovery_lcd.o(.text)
    LCD_DeInit                               0x08006bf3   Thumb Code   516  stm32f429i_discovery_lcd.o(.text)
    LCD_WriteData                            0x08006f7d   Thumb Code    64  stm32f429i_discovery_lcd.o(.text)
    LCD_PowerOn                              0x08006fbd   Thumb Code   652  stm32f429i_discovery_lcd.o(.text)
    LCD_SPIConfig                            0x08007249   Thumb Code   204  stm32f429i_discovery_lcd.o(.text)
    LCD_CtrlLinesConfig                      0x08007315   Thumb Code    70  stm32f429i_discovery_lcd.o(.text)
    LCD_Init                                 0x0800735b   Thumb Code   172  stm32f429i_discovery_lcd.o(.text)
    LCD_SetFont                              0x08007407   Thumb Code     6  stm32f429i_discovery_lcd.o(.text)
    LCD_LayerInit                            0x0800740d   Thumb Code   152  stm32f429i_discovery_lcd.o(.text)
    LCD_SetLayer                             0x080074a5   Thumb Code    32  stm32f429i_discovery_lcd.o(.text)
    LCD_SetColors                            0x080074c5   Thumb Code    10  stm32f429i_discovery_lcd.o(.text)
    LCD_GetColors                            0x080074cf   Thumb Code    14  stm32f429i_discovery_lcd.o(.text)
    LCD_SetTextColor                         0x080074dd   Thumb Code     6  stm32f429i_discovery_lcd.o(.text)
    LCD_SetBackColor                         0x080074e3   Thumb Code     6  stm32f429i_discovery_lcd.o(.text)
    LCD_SetTransparency                      0x080074e9   Thumb Code    38  stm32f429i_discovery_lcd.o(.text)
    LCD_GetFont                              0x0800750f   Thumb Code     6  stm32f429i_discovery_lcd.o(.text)
    LCD_DrawChar                             0x08007515   Thumb Code   200  stm32f429i_discovery_lcd.o(.text)
    LCD_DisplayChar                          0x080075dd   Thumb Code    42  stm32f429i_discovery_lcd.o(.text)
    LCD_ClearLine                            0x08007607   Thumb Code    54  stm32f429i_discovery_lcd.o(.text)
    LCD_Clear                                0x0800763d   Thumb Code    26  stm32f429i_discovery_lcd.o(.text)
    LCD_SetCursor                            0x08007657   Thumb Code    22  stm32f429i_discovery_lcd.o(.text)
    LCD_SetColorKeying                       0x0800766d   Thumb Code    68  stm32f429i_discovery_lcd.o(.text)
    LCD_ReSetColorKeying                     0x080076b1   Thumb Code    46  stm32f429i_discovery_lcd.o(.text)
    LCD_DisplayStringLine                    0x080076df   Thumb Code    78  stm32f429i_discovery_lcd.o(.text)
    LCD_SetDisplayWindow                     0x0800772d   Thumb Code    92  stm32f429i_discovery_lcd.o(.text)
    LCD_WindowModeDisable                    0x08007789   Thumb Code    18  stm32f429i_discovery_lcd.o(.text)
    LCD_DrawLine                             0x0800779b   Thumb Code   192  stm32f429i_discovery_lcd.o(.text)
    LCD_DrawRect                             0x0800785b   Thumb Code    68  stm32f429i_discovery_lcd.o(.text)
    LCD_DrawCircle                           0x0800789f   Thumb Code   194  stm32f429i_discovery_lcd.o(.text)
    LCD_DrawFullEllipse                      0x08007961   Thumb Code   506  stm32f429i_discovery_lcd.o(.text)
    LCD_DrawEllipse                          0x08007b5b   Thumb Code   716  stm32f429i_discovery_lcd.o(.text)
    LCD_DrawMonoPict                         0x08007e27   Thumb Code    66  stm32f429i_discovery_lcd.o(.text)
    LCD_WriteBMP                             0x08007e69   Thumb Code   320  stm32f429i_discovery_lcd.o(.text)
    LCD_DrawFullRect                         0x08007fa9   Thumb Code   152  stm32f429i_discovery_lcd.o(.text)
    LCD_DrawFullCircle                       0x08008041   Thumb Code   146  stm32f429i_discovery_lcd.o(.text)
    LCD_DrawUniLine                          0x080080fd   Thumb Code   308  stm32f429i_discovery_lcd.o(.text)
    LCD_Triangle                             0x08008231   Thumb Code   108  stm32f429i_discovery_lcd.o(.text)
    LCD_FillTriangle                         0x0800829d   Thumb Code   296  stm32f429i_discovery_lcd.o(.text)
    LCD_PolyLine                             0x080083c5   Thumb Code    68  stm32f429i_discovery_lcd.o(.text)
    LCD_ClosedPolyLine                       0x0800847f   Thumb Code    48  stm32f429i_discovery_lcd.o(.text)
    LCD_PolyLineRelative                     0x080084af   Thumb Code    18  stm32f429i_discovery_lcd.o(.text)
    LCD_ClosedPolyLineRelative               0x080084c1   Thumb Code    18  stm32f429i_discovery_lcd.o(.text)
    LCD_FillPolyLine                         0x080084d3   Thumb Code   432  stm32f429i_discovery_lcd.o(.text)
    LCD_DisplayOn                            0x08008683   Thumb Code    10  stm32f429i_discovery_lcd.o(.text)
    SDRAM_InitSequence                       0x080086ad   Thumb Code   200  stm32f429i_discovery_sdram.o(.text)
    SDRAM_GPIOConfig                         0x08008775   Thumb Code   492  stm32f429i_discovery_sdram.o(.text)
    SDRAM_Init                               0x08008961   Thumb Code   104  stm32f429i_discovery_sdram.o(.text)
    SDRAM_WriteBuffer                        0x080089c9   Thumb Code    58  stm32f429i_discovery_sdram.o(.text)
    SDRAM_ReadBuffer                         0x08008a03   Thumb Code    50  stm32f429i_discovery_sdram.o(.text)
    __2sprintf                               0x08008a51   Thumb Code    34  noretval__2sprintf.o(.text)
    __printf                                 0x08008a79   Thumb Code   104  __printf.o(.text)
    _printf_int_dec                          0x08008ae1   Thumb Code   102  _printf_dec.o(.text)
    strlen                                   0x08008b59   Thumb Code    62  strlen.o(.text)
    __aeabi_memclr                           0x08008b97   Thumb Code     0  rt_memclr.o(.text)
    __rt_memclr                              0x08008b97   Thumb Code    68  rt_memclr.o(.text)
    _memset                                  0x08008b9b   Thumb Code     0  rt_memclr.o(.text)
    __aeabi_memclr4                          0x08008bdb   Thumb Code     0  rt_memclr_w.o(.text)
    __aeabi_memclr8                          0x08008bdb   Thumb Code     0  rt_memclr_w.o(.text)
    __rt_memclr_w                            0x08008bdb   Thumb Code    78  rt_memclr_w.o(.text)
    _memset_w                                0x08008bdf   Thumb Code     0  rt_memclr_w.o(.text)
    __use_two_region_memory                  0x08008c29   Thumb Code     2  heapauxi.o(.text)
    __rt_heap_escrow$2region                 0x08008c2b   Thumb Code     2  heapauxi.o(.text)
    __rt_heap_expand$2region                 0x08008c2d   Thumb Code     2  heapauxi.o(.text)
    __read_errno                             0x08008c2f   Thumb Code    10  _rserrno.o(.text)
    __set_errno                              0x08008c39   Thumb Code    12  _rserrno.o(.text)
    _printf_int_common                       0x08008c45   Thumb Code   184  _printf_intcommon.o(.text)
    __lib_sel_fp_printf                      0x08008cfd   Thumb Code     2  _printf_fp_dec.o(.text)
    _printf_fp_dec_real                      0x08008ea9   Thumb Code   628  _printf_fp_dec.o(.text)
    _printf_char_common                      0x08009127   Thumb Code    32  _printf_char_common.o(.text)
    _sputc                                   0x0800914d   Thumb Code    10  _sputc.o(.text)
    __rt_locale                              0x08009159   Thumb Code     8  rt_locale_intlibspace.o(.text)
    __aeabi_errno_addr                       0x08009161   Thumb Code     8  rt_errno_addr_intlibspace.o(.text)
    __errno$intlibspace                      0x08009161   Thumb Code     0  rt_errno_addr_intlibspace.o(.text)
    __rt_errno_addr$intlibspace              0x08009161   Thumb Code     0  rt_errno_addr_intlibspace.o(.text)
    _ll_udiv10                               0x08009169   Thumb Code   138  lludiv10.o(.text)
    _printf_fp_infnan                        0x080091f5   Thumb Code   112  _printf_fp_infnan.o(.text)
    _btod_etento                             0x08009275   Thumb Code   222  bigflt0.o(.text)
    __user_libspace                          0x08009359   Thumb Code     8  libspace.o(.text)
    __user_perproc_libspace                  0x08009359   Thumb Code     0  libspace.o(.text)
    __user_perthread_libspace                0x08009359   Thumb Code     0  libspace.o(.text)
    __user_setup_stackheap                   0x08009361   Thumb Code    74  sys_stackheap_outer.o(.text)
    exit                                     0x080093ab   Thumb Code    12  exit.o(.text)
    strcmp                                   0x080093b9   Thumb Code   128  strcmpv7m.o(.text)
    _sys_exit                                0x08009439   Thumb Code     8  sys_exit.o(.text)
    __I$use$semihosting                      0x08009445   Thumb Code     0  use_no_semi.o(.text)
    __use_no_semihosting_swi                 0x08009445   Thumb Code     2  use_no_semi.o(.text)
    __semihosting_library_function           0x08009447   Thumb Code     0  indicate_semi.o(.text)
    _btod_d2e                                0x08009447   Thumb Code    62  btod.o(CL$$btod_d2e)
    _d2e_denorm_low                          0x08009485   Thumb Code    70  btod.o(CL$$btod_d2e_denorm_low)
    _d2e_norm_op1                            0x080094cb   Thumb Code    96  btod.o(CL$$btod_d2e_norm_op1)
    __btod_div_common                        0x0800952b   Thumb Code   696  btod.o(CL$$btod_div_common)
    _e2e                                     0x08009863   Thumb Code   198  btod.o(CL$$btod_e2e)
    _btod_ediv                               0x08009929   Thumb Code    40  btod.o(CL$$btod_ediv)
    _btod_emul                               0x08009951   Thumb Code    40  btod.o(CL$$btod_emul)
    __btod_mult_common                       0x08009979   Thumb Code   580  btod.o(CL$$btod_mult_common)
    __ARM_fpclassify                         0x08009bbd   Thumb Code    48  fpclassify.o(i.__ARM_fpclassify)
    __hardfp_pow                             0x08009bf1   Thumb Code  3132  pow.o(i.__hardfp_pow)
    __kernel_poly                            0x0800a881   Thumb Code   248  poly.o(i.__kernel_poly)
    __mathlib_dbl_underflow                  0x0800a979   Thumb Code    24  dunder.o(i.__mathlib_dbl_underflow)
    fabs                                     0x0800a999   Thumb Code    32  fabs.o(i.fabs)
    sqrt                                     0x0800a9b9   Thumb Code   110  sqrt.o(i.sqrt)
    _get_lc_numeric                          0x0800aa29   Thumb Code    44  lc_numeric_c.o(locale$$code)
    __aeabi_dneg                             0x0800aa55   Thumb Code     0  basic.o(x$fpl$basic)
    _dneg                                    0x0800aa55   Thumb Code     6  basic.o(x$fpl$basic)
    __aeabi_fneg                             0x0800aa5b   Thumb Code     0  basic.o(x$fpl$basic)
    _fneg                                    0x0800aa5b   Thumb Code     6  basic.o(x$fpl$basic)
    _dabs                                    0x0800aa61   Thumb Code     6  basic.o(x$fpl$basic)
    _fabs                                    0x0800aa67   Thumb Code     6  basic.o(x$fpl$basic)
    __aeabi_dadd                             0x0800aa6d   Thumb Code     0  daddsub_clz.o(x$fpl$dadd)
    _dadd                                    0x0800aa6d   Thumb Code   332  daddsub_clz.o(x$fpl$dadd)
    __fpl_dcheck_NaN1                        0x0800abbd   Thumb Code    10  dcheck1.o(x$fpl$dcheck1)
    __fpl_dcmp_Inf                           0x0800abcd   Thumb Code    24  dcmpi.o(x$fpl$dcmpinf)
    __aeabi_ddiv                             0x0800abe5   Thumb Code     0  ddiv.o(x$fpl$ddiv)
    _ddiv                                    0x0800abe5   Thumb Code   552  ddiv.o(x$fpl$ddiv)
    __aeabi_d2iz                             0x0800ae95   Thumb Code     0  dfix.o(x$fpl$dfix)
    _dfix                                    0x0800ae95   Thumb Code    94  dfix.o(x$fpl$dfix)
    __aeabi_i2d                              0x0800aef3   Thumb Code     0  dflt_clz.o(x$fpl$dflt)
    _dflt                                    0x0800aef3   Thumb Code    46  dflt_clz.o(x$fpl$dflt)
    __aeabi_cdcmple                          0x0800af21   Thumb Code     0  dleqf.o(x$fpl$dleqf)
    _dcmple                                  0x0800af21   Thumb Code   120  dleqf.o(x$fpl$dleqf)
    __fpl_dcmple_InfNaN                      0x0800af83   Thumb Code     0  dleqf.o(x$fpl$dleqf)
    __aeabi_dmul                             0x0800af99   Thumb Code     0  dmul.o(x$fpl$dmul)
    _dmul                                    0x0800af99   Thumb Code   332  dmul.o(x$fpl$dmul)
    __fpl_dnaninf                            0x0800b0ed   Thumb Code   156  dnaninf.o(x$fpl$dnaninf)
    __fpl_dretinf                            0x0800b189   Thumb Code    12  dretinf.o(x$fpl$dretinf)
    __aeabi_cdrcmple                         0x0800b195   Thumb Code     0  drleqf.o(x$fpl$drleqf)
    _drcmple                                 0x0800b195   Thumb Code   108  drleqf.o(x$fpl$drleqf)
    __aeabi_drsub                            0x0800b201   Thumb Code     0  daddsub_clz.o(x$fpl$drsb)
    _drsb                                    0x0800b201   Thumb Code    22  daddsub_clz.o(x$fpl$drsb)
    _dsqrt                                   0x0800b219   Thumb Code   404  dsqrt_umaal.o(x$fpl$dsqrt)
    __aeabi_dsub                             0x0800b3b1   Thumb Code     0  daddsub_clz.o(x$fpl$dsub)
    _dsub                                    0x0800b3b1   Thumb Code   464  daddsub_clz.o(x$fpl$dsub)
    __aeabi_f2d                              0x0800b585   Thumb Code     0  f2d.o(x$fpl$f2d)
    _f2d                                     0x0800b585   Thumb Code    86  f2d.o(x$fpl$f2d)
    __fpl_fnaninf                            0x0800b5db   Thumb Code   140  fnaninf.o(x$fpl$fnaninf)
    _fp_init                                 0x0800b667   Thumb Code    10  fpinit.o(x$fpl$fpinit)
    __fplib_config_fpu_vfp                   0x0800b66f   Thumb Code     0  fpinit.o(x$fpl$fpinit)
    __fplib_config_pureend_doubles           0x0800b66f   Thumb Code     0  fpinit.o(x$fpl$fpinit)
    _printf_fp_dec                           0x0800b671   Thumb Code     4  printf1.o(x$fpl$printf1)
    __fpl_return_NaN                         0x0800b675   Thumb Code   100  retnan.o(x$fpl$retnan)
    __ARM_scalbn                             0x0800b6d9   Thumb Code    92  scalbn.o(x$fpl$scalbn)
    __fpl_cmpreturn                          0x0800b735   Thumb Code    48  trapv.o(x$fpl$trapveneer)
    ASCII16x24_Table                         0x0800b764   Data        4560  stm32f429i_discovery_lcd.o(.constdata)
    __I$use$fp                               0x0800b764   Number         0  usenofp.o(x$fpl$usenofp)
    ASCII12x12_Table                         0x0800c934   Data        2304  stm32f429i_discovery_lcd.o(.constdata)
    ASCII8x12_Table                          0x0800d234   Data        2304  stm32f429i_discovery_lcd.o(.constdata)
    ASCII8x8_Table                           0x0800db34   Data        1536  stm32f429i_discovery_lcd.o(.constdata)
    __mathlib_zero                           0x0800e1c0   Data           8  qnan.o(.constdata)
    Region$$Table$$Base                      0x0800e510   Number         0  anon$$obj.o(Region$$Table)
    Region$$Table$$Limit                     0x0800e530   Number         0  anon$$obj.o(Region$$Table)
    SystemCoreClock                          0x20000000   Data           4  system_stm32f4xx.o(.data)
    AHBPrescTable                            0x20000004   Data          16  system_stm32f4xx.o(.data)
    leds                                     0x20000024   Data           8  main.o(.data)
    gp_menu                                  0x2000002c   Data           4  main.o(.data)
    gp_error                                 0x20000030   Data           4  main.o(.data)
    gp_visible_char_str                      0x20000034   Data           4  main.o(.data)
    gp_invisible_char_str                    0x20000038   Data           4  main.o(.data)
    gp_new_line                              0x2000003c   Data           4  main.o(.data)
    gp_char_input                            0x20000040   Data           1  main.o(.data)
    gp_char_int                              0x20000041   Data           1  main.o(.data)
    gp_Student_Info                          0x20000044   Data           4  main.o(.data)
    gp_ID                                    0x20000048   Data           4  main.o(.data)
    gp_fullname                              0x2000004c   Data           4  main.o(.data)
    gp_ESC                                   0x20000050   Data           4  main.o(.data)
    gp_Basic_Operation                       0x20000054   Data           4  main.o(.data)
    gp_plus                                  0x20000058   Data           4  main.o(.data)
    gp_subtract                              0x2000005c   Data           4  main.o(.data)
    gp_multiple                              0x20000060   Data           4  main.o(.data)
    gp_divide                                0x20000064   Data           4  main.o(.data)
    gp_module                                0x20000068   Data           4  main.o(.data)
    gp_operand1                              0x2000006c   Data           4  main.o(.data)
    gp_operand2                              0x20000070   Data           4  main.o(.data)
    gp_result                                0x20000074   Data           4  main.o(.data)
    gp_Simple_Led                            0x20000078   Data           4  main.o(.data)
    gp_on_green                              0x2000007c   Data           4  main.o(.data)
    gp_led_on_green                          0x20000080   Data           4  main.o(.data)
    gp_off_green                             0x20000084   Data           4  main.o(.data)
    gp_led_off_green                         0x20000088   Data           4  main.o(.data)
    gp_Advance_Led                           0x2000008c   Data           4  main.o(.data)
    gp_set_led                               0x20000090   Data           4  main.o(.data)
    gp_color                                 0x20000094   Data           4  main.o(.data)
    gp_set_derection                         0x20000098   Data           4  main.o(.data)
    gp_c_a_wise                              0x2000009c   Data           4  main.o(.data)
    gp_c_wise                                0x200000a0   Data           4  main.o(.data)
    gp_a_wise                                0x200000a4   Data           4  main.o(.data)
    gp_c_wise_ok                             0x200000a8   Data           4  main.o(.data)
    gp_a_wise_ok                             0x200000ac   Data           4  main.o(.data)
    gp_start                                 0x200000b0   Data           4  main.o(.data)
    gp_running                               0x200000b4   Data           4  main.o(.data)
    gp_Audio                                 0x200000b8   Data           4  main.o(.data)
    gp_playing                               0x200000bc   Data           4  main.o(.data)
    gp_Timer                                 0x200000c0   Data           4  main.o(.data)
    LEDToggle                                0x200000c4   Data           4  main.o(.data)
    number1                                  0x200000c8   Data           4  main.o(.data)
    number2                                  0x200000cc   Data           4  main.o(.data)
    SumP                                     0x200000d0   Data           4  main.o(.data)
    SumS                                     0x200000d4   Data           4  main.o(.data)
    SumM                                     0x200000d8   Data           4  main.o(.data)
    SumD                                     0x200000dc   Data           4  main.o(.data)
    SumML                                    0x200000e0   Data           4  main.o(.data)
    i                                        0x200000e4   Data           4  main.o(.data)
    j                                        0x200000e8   Data           4  main.o(.data)
    e                                        0x200000ec   Data           4  main.o(.data)
    i2                                       0x200000f0   Data           4  main.o(.data)
    j2                                       0x200000f4   Data           4  main.o(.data)
    e2                                       0x200000f8   Data           4  main.o(.data)
    il                                       0x200000fc   Data           4  main.o(.data)
    nstate                                   0x20000100   Data           1  main.o(.data)
    pstate                                   0x20000101   Data           1  main.o(.data)
    x                                        0x20000114   Data           1  main.o(.data)
    y                                        0x20000115   Data           1  main.o(.data)
    count                                    0x20000118   Data           4  main.o(.data)
    check                                    0x2000011c   Data           1  main.o(.data)
    hour                                     0x2000011d   Data           1  main.o(.data)
    minute                                   0x20000120   Data           4  main.o(.data)
    second                                   0x20000124   Data           4  main.o(.data)
    RTC_TimeStructure                        0x20000128   Data           4  main.o(.data)
    RTC_DateStructure                        0x2000012c   Data           4  main.o(.data)
    update_time                              0x20000130   Data           4  main.o(.data)
    iled                                     0x20000134   Data           1  main.o(.data)
    u8_status                                0x20000135   Data           1  main.o(.data)
    aRxBuffer1                               0x20000136   Data           1  main.o(.data)
    test_value                               0x20000137   Data           3  main.o(.data)
    Font16x24                                0x20000148   Data           8  stm32f429i_discovery_lcd.o(.data)
    Font12x12                                0x20000150   Data           8  stm32f429i_discovery_lcd.o(.data)
    Font8x12                                 0x20000158   Data           8  stm32f429i_discovery_lcd.o(.data)
    Font8x8                                  0x20000160   Data           8  stm32f429i_discovery_lcd.o(.data)
    x1                                       0x20000178   Data          10  main.o(.bss)
    y1                                       0x20000182   Data          10  main.o(.bss)
    Tong                                     0x2000018c   Data          50  main.o(.bss)
    Hieu                                     0x200001be   Data          50  main.o(.bss)
    Tich                                     0x200001f0   Data          50  main.o(.bss)
    Thuong                                   0x20000222   Data          50  main.o(.bss)
    Module                                   0x20000254   Data          50  main.o(.bss)
    N1                                       0x20000286   Data          10  main.o(.bss)
    N2                                       0x20000290   Data          10  main.o(.bss)
    led                                      0x2000029a   Data         100  main.o(.bss)
    result                                   0x200002fe   Data          50  main.o(.bss)
    hours                                    0x20000330   Data          50  main.o(.bss)
    time                                     0x20000362   Data          10  main.o(.bss)
    date                                     0x2000036c   Data          10  main.o(.bss)
    RTC_InitStructure                        0x20000378   Data          24  main.o(.bss)
    g_queue_send                             0x20000390   Data         258  main.o(.bss)
    g_queue_receive                          0x20000492   Data         258  main.o(.bss)
    ig_queue_send                            0x20000594   Data        1028  main.o(.bss)
    ig_queue_receive                         0x20000998   Data        1028  main.o(.bss)
    __libspace_start                         0x20000d9c   Data          96  libspace.o(.bss)
    __temporary_stack_top$libspace           0x20000dfc   Data           0  libspace.o(.bss)



==============================================================================

Memory Map of the image

  Image Entry point : 0x080001ad

  Load Region LR_IROM1 (Base: 0x08000000, Size: 0x0000e6c4, Max: 0x00200000, ABSOLUTE, COMPRESSED[0x0000e5fc])

    Execution Region ER_IROM1 (Base: 0x08000000, Size: 0x0000e54c, Max: 0x00200000, ABSOLUTE)

    Base Addr    Size         Type   Attr      Idx    E Section Name        Object

    0x08000000   0x000001ac   Data   RO            3    RESET               startup_stm32f429_439xx.o
    0x080001ac   0x00000008   Code   RO          715  * !!!main             c_w.l(__main.o)
    0x080001b4   0x00000034   Code   RO         1020    !!!scatter          c_w.l(__scatter.o)
    0x080001e8   0x0000005a   Code   RO         1018    !!dczerorl2         c_w.l(__dczerorl2.o)
    0x08000242   0x00000002   PAD
    0x08000244   0x0000001c   Code   RO         1022    !!handler_zi        c_w.l(__scatter_zi.o)
    0x08000260   0x00000000   Code   RO          706    .ARM.Collect$$_printf_percent$$00000000  c_w.l(_printf_percent.o)
    0x08000260   0x00000006   Code   RO          705    .ARM.Collect$$_printf_percent$$00000003  c_w.l(_printf_f.o)
    0x08000266   0x00000006   Code   RO          704    .ARM.Collect$$_printf_percent$$00000009  c_w.l(_printf_d.o)
    0x0800026c   0x00000004   Code   RO          764    .ARM.Collect$$_printf_percent$$00000017  c_w.l(_printf_percent_end.o)
    0x08000270   0x00000002   Code   RO          888    .ARM.Collect$$libinit$$00000000  c_w.l(libinit.o)
    0x08000272   0x00000004   Code   RO          889    .ARM.Collect$$libinit$$00000001  c_w.l(libinit2.o)
    0x08000276   0x00000000   Code   RO          893    .ARM.Collect$$libinit$$00000008  c_w.l(libinit2.o)
    0x08000276   0x00000000   Code   RO          895    .ARM.Collect$$libinit$$0000000A  c_w.l(libinit2.o)
    0x08000276   0x00000000   Code   RO          897    .ARM.Collect$$libinit$$0000000C  c_w.l(libinit2.o)
    0x08000276   0x00000006   Code   RO          898    .ARM.Collect$$libinit$$0000000D  c_w.l(libinit2.o)
    0x0800027c   0x00000000   Code   RO          900    .ARM.Collect$$libinit$$0000000F  c_w.l(libinit2.o)
    0x0800027c   0x00000000   Code   RO          902    .ARM.Collect$$libinit$$00000011  c_w.l(libinit2.o)
    0x0800027c   0x00000000   Code   RO          904    .ARM.Collect$$libinit$$00000013  c_w.l(libinit2.o)
    0x0800027c   0x0000000a   Code   RO          905    .ARM.Collect$$libinit$$00000014  c_w.l(libinit2.o)
    0x08000286   0x00000000   Code   RO          906    .ARM.Collect$$libinit$$00000015  c_w.l(libinit2.o)
    0x08000286   0x00000000   Code   RO          908    .ARM.Collect$$libinit$$00000017  c_w.l(libinit2.o)
    0x08000286   0x00000000   Code   RO          910    .ARM.Collect$$libinit$$00000019  c_w.l(libinit2.o)
    0x08000286   0x00000000   Code   RO          912    .ARM.Collect$$libinit$$0000001B  c_w.l(libinit2.o)
    0x08000286   0x00000000   Code   RO          914    .ARM.Collect$$libinit$$0000001D  c_w.l(libinit2.o)
    0x08000286   0x00000000   Code   RO          916    .ARM.Collect$$libinit$$0000001F  c_w.l(libinit2.o)
    0x08000286   0x00000000   Code   RO          918    .ARM.Collect$$libinit$$00000021  c_w.l(libinit2.o)
    0x08000286   0x00000000   Code   RO          920    .ARM.Collect$$libinit$$00000023  c_w.l(libinit2.o)
    0x08000286   0x00000000   Code   RO          924    .ARM.Collect$$libinit$$0000002A  c_w.l(libinit2.o)
    0x08000286   0x00000000   Code   RO          926    .ARM.Collect$$libinit$$0000002C  c_w.l(libinit2.o)
    0x08000286   0x00000000   Code   RO          928    .ARM.Collect$$libinit$$0000002E  c_w.l(libinit2.o)
    0x08000286   0x00000000   Code   RO          930    .ARM.Collect$$libinit$$00000030  c_w.l(libinit2.o)
    0x08000286   0x00000002   Code   RO          931    .ARM.Collect$$libinit$$00000031  c_w.l(libinit2.o)
    0x08000288   0x00000002   Code   RO          967    .ARM.Collect$$libshutdown$$00000000  c_w.l(libshutdown.o)
    0x0800028a   0x00000000   Code   RO          979    .ARM.Collect$$libshutdown$$00000003  c_w.l(libshutdown2.o)
    0x0800028a   0x00000000   Code   RO          982    .ARM.Collect$$libshutdown$$00000006  c_w.l(libshutdown2.o)
    0x0800028a   0x00000000   Code   RO          985    .ARM.Collect$$libshutdown$$00000009  c_w.l(libshutdown2.o)
    0x0800028a   0x00000000   Code   RO          987    .ARM.Collect$$libshutdown$$0000000B  c_w.l(libshutdown2.o)
    0x0800028a   0x00000000   Code   RO          990    .ARM.Collect$$libshutdown$$0000000E  c_w.l(libshutdown2.o)
    0x0800028a   0x00000002   Code   RO          991    .ARM.Collect$$libshutdown$$0000000F  c_w.l(libshutdown2.o)
    0x0800028c   0x00000000   Code   RO          753    .ARM.Collect$$rtentry$$00000000  c_w.l(rtentry.o)
    0x0800028c   0x00000000   Code   RO          808    .ARM.Collect$$rtentry$$00000002  c_w.l(rtentry2.o)
    0x0800028c   0x00000006   Code   RO          820    .ARM.Collect$$rtentry$$00000004  c_w.l(rtentry4.o)
    0x08000292   0x00000000   Code   RO          810    .ARM.Collect$$rtentry$$00000009  c_w.l(rtentry2.o)
    0x08000292   0x00000004   Code   RO          811    .ARM.Collect$$rtentry$$0000000A  c_w.l(rtentry2.o)
    0x08000296   0x00000000   Code   RO          813    .ARM.Collect$$rtentry$$0000000C  c_w.l(rtentry2.o)
    0x08000296   0x00000008   Code   RO          814    .ARM.Collect$$rtentry$$0000000D  c_w.l(rtentry2.o)
    0x0800029e   0x00000002   Code   RO          936    .ARM.Collect$$rtexit$$00000000  c_w.l(rtexit.o)
    0x080002a0   0x00000000   Code   RO          945    .ARM.Collect$$rtexit$$00000002  c_w.l(rtexit2.o)
    0x080002a0   0x00000004   Code   RO          946    .ARM.Collect$$rtexit$$00000003  c_w.l(rtexit2.o)
    0x080002a4   0x00000006   Code   RO          947    .ARM.Collect$$rtexit$$00000004  c_w.l(rtexit2.o)
    0x080002aa   0x00000002   PAD
    0x080002ac   0x00000040   Code   RO            4    .text               startup_stm32f429_439xx.o
    0x080002ec   0x0000023c   Code   RO           12    .text               system_stm32f4xx.o
    0x08000528   0x000000e4   Code   RO           97    .text               misc.o
    0x0800060c   0x000003b4   Code   RO          144    .text               stm32f4xx_dma2d.o
    0x080009c0   0x00000110   Code   RO          164    .text               stm32f4xx_exti.o
    0x08000ad0   0x00000910   Code   RO          184    .text               stm32f4xx_fmc.o
    0x080013e0   0x00000294   Code   RO          204    .text               stm32f4xx_gpio.o
    0x08001674   0x00000688   Code   RO          244    .text               stm32f4xx_ltdc.o
    0x08001cfc   0x00000638   Code   RO          264    .text               stm32f4xx_rcc.o
    0x08002334   0x0000044c   Code   RO          286    .text               stm32f4xx_spi.o
    0x08002780   0x00000454   Code   RO          326    .text               stm32f4xx_usart.o
    0x08002bd4   0x00000d34   Code   RO          346    .text               stm32f4xx_rtc.o
    0x08003908   0x000000e4   Code   RO          369    .text               stm32f4xx_pwr.o
    0x080039ec   0x00002cac   Code   RO          415    .text               main.o
    0x08006698   0x0000002a   Code   RO          492    .text               lcd.o
    0x080066c2   0x000000d0   Code   RO          510    .text               queue.o
    0x08006792   0x00000002   PAD
    0x08006794   0x000000b8   Code   RO          524    .text               uart.o
    0x0800684c   0x000000a4   Code   RO          544    .text               delay.o
    0x080068f0   0x00000288   Code   RO          570    .text               rtc.o
    0x08006b78   0x00001b14   Code   RO          620    .text               stm32f429i_discovery_lcd.o
    0x0800868c   0x000003c4   Code   RO          656    .text               stm32f429i_discovery_sdram.o
    0x08008a50   0x00000028   Code   RO          678    .text               c_w.l(noretval__2sprintf.o)
    0x08008a78   0x00000068   Code   RO          680    .text               c_w.l(__printf.o)
    0x08008ae0   0x00000078   Code   RO          682    .text               c_w.l(_printf_dec.o)
    0x08008b58   0x0000003e   Code   RO          707    .text               c_w.l(strlen.o)
    0x08008b96   0x00000044   Code   RO          709    .text               c_w.l(rt_memclr.o)
    0x08008bda   0x0000004e   Code   RO          711    .text               c_w.l(rt_memclr_w.o)
    0x08008c28   0x00000006   Code   RO          713    .text               c_w.l(heapauxi.o)
    0x08008c2e   0x00000016   Code   RO          754    .text               c_w.l(_rserrno.o)
    0x08008c44   0x000000b8   Code   RO          756    .text               c_w.l(_printf_intcommon.o)
    0x08008cfc   0x00000420   Code   RO          758    .text               c_w.l(_printf_fp_dec.o)
    0x0800911c   0x00000030   Code   RO          760    .text               c_w.l(_printf_char_common.o)
    0x0800914c   0x0000000a   Code   RO          762    .text               c_w.l(_sputc.o)
    0x08009156   0x00000002   PAD
    0x08009158   0x00000008   Code   RO          825    .text               c_w.l(rt_locale_intlibspace.o)
    0x08009160   0x00000008   Code   RO          830    .text               c_w.l(rt_errno_addr_intlibspace.o)
    0x08009168   0x0000008a   Code   RO          832    .text               c_w.l(lludiv10.o)
    0x080091f2   0x00000002   PAD
    0x080091f4   0x00000080   Code   RO          834    .text               c_w.l(_printf_fp_infnan.o)
    0x08009274   0x000000e4   Code   RO          838    .text               c_w.l(bigflt0.o)
    0x08009358   0x00000008   Code   RO          874    .text               c_w.l(libspace.o)
    0x08009360   0x0000004a   Code   RO          877    .text               c_w.l(sys_stackheap_outer.o)
    0x080093aa   0x0000000c   Code   RO          879    .text               c_w.l(exit.o)
    0x080093b6   0x00000002   PAD
    0x080093b8   0x00000080   Code   RO          881    .text               c_w.l(strcmpv7m.o)
    0x08009438   0x0000000c   Code   RO          957    .text               c_w.l(sys_exit.o)
    0x08009444   0x00000002   Code   RO          968    .text               c_w.l(use_no_semi.o)
    0x08009446   0x00000000   Code   RO          970    .text               c_w.l(indicate_semi.o)
    0x08009446   0x0000003e   Code   RO          841    CL$$btod_d2e        c_w.l(btod.o)
    0x08009484   0x00000046   Code   RO          843    CL$$btod_d2e_denorm_low  c_w.l(btod.o)
    0x080094ca   0x00000060   Code   RO          842    CL$$btod_d2e_norm_op1  c_w.l(btod.o)
    0x0800952a   0x00000338   Code   RO          851    CL$$btod_div_common  c_w.l(btod.o)
    0x08009862   0x000000c6   Code   RO          848    CL$$btod_e2e        c_w.l(btod.o)
    0x08009928   0x00000028   Code   RO          845    CL$$btod_ediv       c_w.l(btod.o)
    0x08009950   0x00000028   Code   RO          844    CL$$btod_emul       c_w.l(btod.o)
    0x08009978   0x00000244   Code   RO          850    CL$$btod_mult_common  c_w.l(btod.o)
    0x08009bbc   0x00000030   Code   RO          790    i.__ARM_fpclassify  m_wm.l(fpclassify.o)
    0x08009bec   0x00000004   PAD
    0x08009bf0   0x00000c90   Code   RO          739    i.__hardfp_pow      m_wm.l(pow.o)
    0x0800a880   0x000000f8   Code   RO          792    i.__kernel_poly     m_wm.l(poly.o)
    0x0800a978   0x00000020   Code   RO          782    i.__mathlib_dbl_underflow  m_wm.l(dunder.o)
    0x0800a998   0x00000020   Code   RO          786    i.fabs              m_wm.l(fabs.o)
    0x0800a9b8   0x0000006e   Code   RO          797    i.sqrt              m_wm.l(sqrt.o)
    0x0800aa26   0x00000002   PAD
    0x0800aa28   0x0000002c   Code   RO          864    locale$$code        c_w.l(lc_numeric_c.o)
    0x0800aa54   0x00000018   Code   RO          765    x$fpl$basic         fz_wm.l(basic.o)
    0x0800aa6c   0x00000150   Code   RO          717    x$fpl$dadd          fz_wm.l(daddsub_clz.o)
    0x0800abbc   0x00000010   Code   RO          866    x$fpl$dcheck1       fz_wm.l(dcheck1.o)
    0x0800abcc   0x00000018   Code   RO          932    x$fpl$dcmpinf       fz_wm.l(dcmpi.o)
    0x0800abe4   0x000002b0   Code   RO          768    x$fpl$ddiv          fz_wm.l(ddiv.o)
    0x0800ae94   0x0000005e   Code   RO          723    x$fpl$dfix          fz_wm.l(dfix.o)
    0x0800aef2   0x0000002e   Code   RO          728    x$fpl$dflt          fz_wm.l(dflt_clz.o)
    0x0800af20   0x00000078   Code   RO          868    x$fpl$dleqf         fz_wm.l(dleqf.o)
    0x0800af98   0x00000154   Code   RO          733    x$fpl$dmul          fz_wm.l(dmul.o)
    0x0800b0ec   0x0000009c   Code   RO          771    x$fpl$dnaninf       fz_wm.l(dnaninf.o)
    0x0800b188   0x0000000c   Code   RO          773    x$fpl$dretinf       fz_wm.l(dretinf.o)
    0x0800b194   0x0000006c   Code   RO          775    x$fpl$drleqf        fz_wm.l(drleqf.o)
    0x0800b200   0x00000016   Code   RO          718    x$fpl$drsb          fz_wm.l(daddsub_clz.o)
    0x0800b216   0x00000002   PAD
    0x0800b218   0x00000198   Code   RO          870    x$fpl$dsqrt         fz_wm.l(dsqrt_umaal.o)
    0x0800b3b0   0x000001d4   Code   RO          719    x$fpl$dsub          fz_wm.l(daddsub_clz.o)
    0x0800b584   0x00000056   Code   RO          735    x$fpl$f2d           fz_wm.l(f2d.o)
    0x0800b5da   0x0000008c   Code   RO          777    x$fpl$fnaninf       fz_wm.l(fnaninf.o)
    0x0800b666   0x0000000a   Code   RO          940    x$fpl$fpinit        fz_wm.l(fpinit.o)
    0x0800b670   0x00000004   Code   RO          737    x$fpl$printf1       fz_wm.l(printf1.o)
    0x0800b674   0x00000064   Code   RO          934    x$fpl$retnan        fz_wm.l(retnan.o)
    0x0800b6d8   0x0000005c   Code   RO          779    x$fpl$scalbn        fz_wm.l(scalbn.o)
    0x0800b734   0x00000030   Code   RO          942    x$fpl$trapveneer    fz_wm.l(trapv.o)
    0x0800b764   0x00000000   Code   RO          781    x$fpl$usenofp       fz_wm.l(usenofp.o)
    0x0800b764   0x000029d0   Data   RO          621    .constdata          stm32f429i_discovery_lcd.o
    0x0800e134   0x00000004   PAD
    0x0800e138   0x00000088   Data   RO          742    .constdata          m_wm.l(pow.o)
    0x0800e1c0   0x00000008   Data   RO          794    .constdata          m_wm.l(qnan.o)
    0x0800e1c8   0x00000094   Data   RO          839    .constdata          c_w.l(bigflt0.o)
    0x0800e25c   0x000002b3   Data   RO          418    .conststring        main.o
    0x0800e50f   0x00000001   PAD
    0x0800e510   0x00000020   Data   RO         1016    Region$$Table       anon$$obj.o
    0x0800e530   0x0000001c   Data   RO          863    locale$$data        c_w.l(lc_numeric_c.o)


    Execution Region RW_IRAM1 (Base: 0x20000000, Size: 0x00001400, Max: 0x00030000, ABSOLUTE, COMPRESSED[0x000000b0])

    Base Addr    Size         Type   Attr      Idx    E Section Name        Object

    0x20000000   0x00000014   Data   RW           13    .data               system_stm32f4xx.o
    0x20000014   0x00000010   Data   RW          265    .data               stm32f4xx_rcc.o
    0x20000024   0x00000116   Data   RW          419    .data               main.o
    0x2000013a   0x00000002   PAD
    0x2000013c   0x00000004   Data   RW          545    .data               delay.o
    0x20000140   0x00000008   Data   RW          571    .data               rtc.o
    0x20000148   0x00000030   Data   RW          622    .data               stm32f429i_discovery_lcd.o
    0x20000178   0x00000c24   Zero   RW          416    .bss                main.o
    0x20000d9c   0x00000060   Zero   RW          875    .bss                c_w.l(libspace.o)
    0x20000dfc   0x00000004   PAD
    0x20000e00   0x00000200   Zero   RW            2    HEAP                startup_stm32f429_439xx.o
    0x20001000   0x00000400   Zero   RW            1    STACK               startup_stm32f429_439xx.o


==============================================================================

Image component sizes


      Code (inc. data)   RO Data    RW Data    ZI Data      Debug   Object Name

       164         22          0          4          0      28194   delay.o
        42          0          0          0          0        487   lcd.o
     11436       1076        691        278       3108      14289   main.o
       228         22          0          0          0       3665   misc.o
       208          0          0          0          0       2404   queue.o
       648          4          0          8          0       3238   rtc.o
        64         26        428          0       1536        884   startup_stm32f429_439xx.o
      6932        112      10704         48          0      22717   stm32f429i_discovery_lcd.o
       964         28          0          0          0       2720   stm32f429i_discovery_sdram.o
       948         12          0          0          0       5059   stm32f4xx_dma2d.o
       272         10          0          0          0       2399   stm32f4xx_exti.o
      2320         78          0          0          0       7572   stm32f4xx_fmc.o
       660         44          0          0          0       4229   stm32f4xx_gpio.o
      1672         18          0          0          0       7956   stm32f4xx_ltdc.o
       228         22          0          0          0       2659   stm32f4xx_pwr.o
      1592         54          0         16          0      12950   stm32f4xx_rcc.o
      3380         40          0          0          0      30356   stm32f4xx_rtc.o
      1100         34          0          0          0       6945   stm32f4xx_spi.o
      1108         34          0          0          0       7928   stm32f4xx_usart.o
       572         44          0         20          0     307067   system_stm32f4xx.o
       184         10          0          0          0        691   uart.o

    ----------------------------------------------------------------------
     34724       1690      11860        376       4644     474409   Object Totals
         0          0         32          0          0          0   (incl. Generated)
         2          0          5          2          0          0   (incl. Padding)

    ----------------------------------------------------------------------

      Code (inc. data)   RO Data    RW Data    ZI Data      Debug   Library Member Name

        90          0          0          0          0          0   __dczerorl2.o
         8          0          0          0          0         68   __main.o
       104          0          0          0          0         84   __printf.o
        52          8          0          0          0          0   __scatter.o
        28          0          0          0          0          0   __scatter_zi.o
        48          6          0          0          0         96   _printf_char_common.o
         6          0          0          0          0          0   _printf_d.o
       120         18          0          0          0         92   _printf_dec.o
         6          0          0          0          0          0   _printf_f.o
      1056          0          0          0          0        216   _printf_fp_dec.o
       128         16          0          0          0         84   _printf_fp_infnan.o
       184          0          0          0          0         88   _printf_intcommon.o
         0          0          0          0          0          0   _printf_percent.o
         4          0          0          0          0          0   _printf_percent_end.o
        22          0          0          0          0        100   _rserrno.o
        10          0          0          0          0         68   _sputc.o
       228          6        148          0          0         96   bigflt0.o
      1910        128          0          0          0        672   btod.o
        12          0          0          0          0         72   exit.o
         6          0          0          0          0        152   heapauxi.o
         0          0          0          0          0          0   indicate_semi.o
        44         10         28          0          0         76   lc_numeric_c.o
         2          0          0          0          0          0   libinit.o
        22          0          0          0          0          0   libinit2.o
         2          0          0          0          0          0   libshutdown.o
         2          0          0          0          0          0   libshutdown2.o
         8          4          0          0         96         68   libspace.o
       138          0          0          0          0         80   lludiv10.o
        40          6          0          0          0         84   noretval__2sprintf.o
         8          4          0          0          0         68   rt_errno_addr_intlibspace.o
         8          4          0          0          0         68   rt_locale_intlibspace.o
        68          0          0          0          0         68   rt_memclr.o
        78          0          0          0          0         80   rt_memclr_w.o
         0          0          0          0          0          0   rtentry.o
        12          0          0          0          0          0   rtentry2.o
         6          0          0          0          0          0   rtentry4.o
         2          0          0          0          0          0   rtexit.o
        10          0          0          0          0          0   rtexit2.o
       128          0          0          0          0         68   strcmpv7m.o
        62          0          0          0          0         76   strlen.o
        12          4          0          0          0         68   sys_exit.o
        74          0          0          0          0         80   sys_stackheap_outer.o
         2          0          0          0          0         68   use_no_semi.o
        24          0          0          0          0        164   basic.o
       826         16          0          0          0        492   daddsub_clz.o
        16          4          0          0          0        116   dcheck1.o
        24          0          0          0          0        116   dcmpi.o
       688        140          0          0          0        256   ddiv.o
        94          4          0          0          0        140   dfix.o
        46          0          0          0          0        116   dflt_clz.o
       120          4          0          0          0        140   dleqf.o
       340         12          0          0          0        152   dmul.o
       156          4          0          0          0        140   dnaninf.o
        12          0          0          0          0        116   dretinf.o
       108          0          0          0          0        128   drleqf.o
       408         56          0          0          0        168   dsqrt_umaal.o
        86          4          0          0          0        132   f2d.o
       140          4          0          0          0        132   fnaninf.o
        10          0          0          0          0        116   fpinit.o
         4          0          0          0          0        116   printf1.o
       100          0          0          0          0        116   retnan.o
        92          0          0          0          0        116   scalbn.o
        48          0          0          0          0        116   trapv.o
         0          0          0          0          0          0   usenofp.o
        32          8          0          0          0        124   dunder.o
        32          0          0          0          0        124   fabs.o
        48          0          0          0          0        124   fpclassify.o
       248          0          0          0          0        152   poly.o
      3216        310        136          0          0        216   pow.o
         0          0          8          0          0          0   qnan.o
       110          0          0          0          0        148   sqrt.o

    ----------------------------------------------------------------------
     11796        780        320          0        100       6816   Library Totals
        18          0          0          0          4          0   (incl. Padding)

    ----------------------------------------------------------------------

      Code (inc. data)   RO Data    RW Data    ZI Data      Debug   Library Name

      4750        214        176          0         96       2840   c_w.l
      3342        248          0          0          0       3088   fz_wm.l
      3686        318        144          0          0        888   m_wm.l

    ----------------------------------------------------------------------
     11796        780        320          0        100       6816   Library Totals

    ----------------------------------------------------------------------

==============================================================================


      Code (inc. data)   RO Data    RW Data    ZI Data      Debug   

     46520       2470      12180        376       4744     471261   Grand Totals
     46520       2470      12180        176       4744     471261   ELF Image Totals (compressed)
     46520       2470      12180        176          0          0   ROM Totals

==============================================================================

    Total RO  Size (Code + RO Data)                58700 (  57.32kB)
    Total RW  Size (RW Data + ZI Data)              5120 (   5.00kB)
    Total ROM Size (Code + RO Data + RW Data)      58876 (  57.50kB)

==============================================================================

