<html>
<body>
<pre>
<h1>µVision Build Log</h1>
<h2>Project:</h2>
D:\Downloads\stm32f429i_uart_interrupt\uart.uvproj
Project File Date:  04/25/2016

<h2>Output:</h2>
Build target 'UART'
compiling main.c...
linking...
Program Size: Code=19460 RO-data=11236 RW-data=108 ZI-data=2148  
FromELF: creating hex file...
".\Build\uart.axf" - 0 Error(s), 0 Warning(s).
</pre>
</body>
</html>
xx_fmc.c...
compiling stm32f4xx_gpio.c...
compiling stm32f4xx_i2c.c...
compiling stm32f4xx_ltdc.c...
compiling stm32f4xx_rcc.c...
compiling stm32f4xx_spi.c...
compiling stm32f4xx_syscfg.c...
compiling stm32f4xx_usart.c...
compiling main.c...
compiling lcd.c...
compiling queue.c...
compiling uart.c...
compiling stm32f429i_discovery.c...
compiling stm32f429i_discovery_lcd.c...
compiling stm32f429i_discovery_sdram.c...
linking...
Program Size: Code=19460 RO-data=11236 RW-data=108 ZI-data=2148  
FromELF: creating hex file...
".\Build\uart.axf" - 0 Error(s), 0 Warning(s).
